Component: ARM Compiler 5.05 update 2 (build 169) Tool: armlink [4d0f33]

==============================================================================

Section Cross References

    startup_stm32f10x_md.o(STACK) refers (Special) to heapauxi.o(.text) for __use_two_region_memory
    startup_stm32f10x_md.o(HEAP) refers (Special) to heapauxi.o(.text) for __use_two_region_memory
    startup_stm32f10x_md.o(RESET) refers (Special) to heapauxi.o(.text) for __use_two_region_memory
    startup_stm32f10x_md.o(RESET) refers to startup_stm32f10x_md.o(STACK) for __initial_sp
    startup_stm32f10x_md.o(RESET) refers to startup_stm32f10x_md.o(.text) for Reset_Handler
    startup_stm32f10x_md.o(RESET) refers to briupusart.o(i.USART1_IRQHandler) for USART1_IRQHandler
    startup_stm32f10x_md.o(RESET) refers to briupzigbee.o(i.USART2_IRQHandler) for USART2_IRQHandler
    startup_stm32f10x_md.o(RESET) refers to briupusart3.o(i.USART3_IRQHandler) for USART3_IRQHandler
    startup_stm32f10x_md.o(.text) refers (Special) to heapauxi.o(.text) for __use_two_region_memory
    startup_stm32f10x_md.o(.text) refers to system_stm32f10x.o(i.SystemInit) for SystemInit
    startup_stm32f10x_md.o(.text) refers to __main.o(!!!main) for __main
    startup_stm32f10x_md.o(.text) refers to startup_stm32f10x_md.o(HEAP) for Heap_Mem
    startup_stm32f10x_md.o(.text) refers to startup_stm32f10x_md.o(STACK) for Stack_Mem
    system_stm32f10x.o(i.SetSysClock) refers to system_stm32f10x.o(i.SetSysClockTo72) for SetSysClockTo72
    system_stm32f10x.o(i.SystemCoreClockUpdate) refers to system_stm32f10x.o(.data) for SystemCoreClock
    system_stm32f10x.o(i.SystemInit) refers to system_stm32f10x.o(i.SetSysClock) for SetSysClock
    sht20.o(i.SHT20_Measure) refers to briupi2c.o(i.Single_Read_Len) for Single_Read_Len
    sht20.o(i.SHT20_Measure) refers to fflt_clz.o(x$fpl$ffltu) for __aeabi_ui2f
    sht20.o(i.SHT20_Measure) refers to f2d.o(x$fpl$f2d) for __aeabi_f2d
    sht20.o(i.SHT20_Measure) refers to dmul.o(x$fpl$dmul) for __aeabi_dmul
    sht20.o(i.SHT20_Measure) refers to daddsub_clz.o(x$fpl$dsub) for __aeabi_dsub
    sht20.o(i.SHT20_Measure) refers to d2f.o(x$fpl$d2f) for __aeabi_d2f
    sht20.o(i.SHT20_Original_HUM) refers to briupi2c.o(i.Single_Read_Len) for Single_Read_Len
    sht20.o(i.SHT20_Original_TEMP) refers to briupi2c.o(i.Single_Read_Len) for Single_Read_Len
    veml6070.o(i.VEML6070Init) refers to briupi2c.o(i.IIC_Start) for IIC_Start
    veml6070.o(i.VEML6070Init) refers to briupi2c.o(i.IIC_Send_Byte) for IIC_Send_Byte
    veml6070.o(i.VEML6070Init) refers to briupi2c.o(i.IIC_Wait_Ack) for IIC_Wait_Ack
    veml6070.o(i.VEML6070Init) refers to briupi2c.o(i.IIC_Stop) for IIC_Stop
    veml6070.o(i.VEML6070Measure) refers to briupi2c.o(i.IIC_Start) for IIC_Start
    veml6070.o(i.VEML6070Measure) refers to briupi2c.o(i.IIC_Send_Byte) for IIC_Send_Byte
    veml6070.o(i.VEML6070Measure) refers to briupi2c.o(i.IIC_Wait_Ack) for IIC_Wait_Ack
    veml6070.o(i.VEML6070Measure) refers to briupi2c.o(i.IIC_Stop) for IIC_Stop
    veml6070.o(i.VEML6070Measure) refers to briupi2c.o(i.IIC_Read_Byte) for IIC_Read_Byte
    bh1750.o(i.BH1750_Init) refers to briupi2c.o(i.Sing_Write_ND) for Sing_Write_ND
    bh1750.o(i.BH1750_Measure) refers to briupi2c.o(i.Sing_Read_NR) for Sing_Read_NR
    bh1750.o(i.BH1750_Measure) refers to dflt_clz.o(x$fpl$dfltu) for __aeabi_ui2d
    bh1750.o(i.BH1750_Measure) refers to ddiv.o(x$fpl$ddiv) for __aeabi_ddiv
    bh1750.o(i.BH1750_Measure) refers to d2f.o(x$fpl$d2f) for __aeabi_d2f
    bh1750.o(i.BH1750_Original_Measure) refers to briupi2c.o(i.Sing_Read_NR) for Sing_Read_NR
    co2.o(i.CO2_Measure) refers to briupusart3.o(i.usart3PutDataDma) for usart3PutDataDma
    co2.o(i.CO2_Measure) refers to briupusart3.o(i.usart3GetBuffer) for usart3GetBuffer
    co2.o(i.CO2_Measure) refers to briupdelay.o(i._delay_ms) for _delay_ms
    co2.o(i.CO2_Measure) refers to co2.o(.data) for CO2_R_COM
    co2.o(i.CO2_Measure) refers to co2.o(.bss) for buf
    briupdelay.o(i._delay_init) refers to briupdelay.o(.data) for frac_us
    briupdelay.o(i._delay_ms) refers to briupdelay.o(.data) for frac_ms
    briupdelay.o(i._delay_sec) refers to dmul.o(x$fpl$dmul) for __aeabi_dmul
    briupdelay.o(i._delay_sec) refers to dfixu.o(x$fpl$dfixu) for __aeabi_d2uiz
    briupdelay.o(i._delay_sec) refers to briupdelay.o(i._delay_ms) for _delay_ms
    briupdelay.o(i._delay_us) refers to briupdelay.o(.data) for frac_us
    briupusart.o(i.USART1_IRQHandler) refers to briupusart.o(.bss) for Usart1Buf
    briupusart.o(i.USART1_IRQHandler) refers to briupusart.o(.data) for u1Tail
    briupusart.o(i.getBuffer) refers to briupusart.o(.data) for u1Count
    briupusart.o(i.getBuffer) refers to briupusart.o(.bss) for Usart1Buf
    briupusart.o(i.getStr) refers to briupusart.o(i.getChar) for getChar
    briupusart.o(i.putBuffer) refers to briupusart.o(i.putChar) for putChar
    briupusart.o(i.putStr) refers to briupusart.o(i.putChar) for putChar
    briupusart.o(i.usart1Init) refers to dflt_clz.o(x$fpl$dfltu) for __aeabi_ui2d
    briupusart.o(i.usart1Init) refers to dmul.o(x$fpl$dmul) for __aeabi_dmul
    briupusart.o(i.usart1Init) refers to ddiv.o(x$fpl$ddiv) for __aeabi_ddiv
    briupusart.o(i.usart1Init) refers to dfixu.o(x$fpl$dfixu) for __aeabi_d2uiz
    briupusart.o(i.usart1Init) refers to daddsub_clz.o(x$fpl$drsb) for __aeabi_drsub
    briupusart.o(i.usart1Init) refers to misc.o(i.NVIC_Init) for NVIC_Init
    briupzigbee.o(i.USART2_IRQHandler) refers to briupzigbee.o(.bss) for zbBuffer
    briupzigbee.o(i.USART2_IRQHandler) refers to briupzigbee.o(.data) for zbTail
    briupzigbee.o(i.zigbeeGetData) refers to briupzigbee.o(.data) for zbCount
    briupzigbee.o(i.zigbeeGetData) refers to briupzigbee.o(.bss) for zbBuffer
    briupzigbee.o(i.zigbeeInit) refers to dflt_clz.o(x$fpl$dfltu) for __aeabi_ui2d
    briupzigbee.o(i.zigbeeInit) refers to dfixu.o(x$fpl$dfixu) for __aeabi_d2uiz
    briupzigbee.o(i.zigbeeInit) refers to daddsub_clz.o(x$fpl$drsb) for __aeabi_drsub
    briupzigbee.o(i.zigbeeInit) refers to dmul.o(x$fpl$dmul) for __aeabi_dmul
    briupzigbee.o(i.zigbeeInit) refers to misc.o(i.NVIC_Init) for NVIC_Init
    briupi2c.o(i.IIC_Ack) refers to briupdelay.o(i._delay_us) for _delay_us
    briupi2c.o(i.IIC_NAck) refers to briupdelay.o(i._delay_us) for _delay_us
    briupi2c.o(i.IIC_Read_Byte) refers to briupdelay.o(i._delay_us) for _delay_us
    briupi2c.o(i.IIC_Read_Byte) refers to briupi2c.o(i.IIC_NAck) for IIC_NAck
    briupi2c.o(i.IIC_Read_Byte) refers to briupi2c.o(i.IIC_Ack) for IIC_Ack
    briupi2c.o(i.IIC_Send_Byte) refers to briupdelay.o(i._delay_us) for _delay_us
    briupi2c.o(i.IIC_Start) refers to briupdelay.o(i._delay_us) for _delay_us
    briupi2c.o(i.IIC_Stop) refers to briupdelay.o(i._delay_us) for _delay_us
    briupi2c.o(i.IIC_Wait_Ack) refers to briupdelay.o(i._delay_us) for _delay_us
    briupi2c.o(i.Sing_Read_NR) refers to briupi2c.o(i.IIC_Start) for IIC_Start
    briupi2c.o(i.Sing_Read_NR) refers to briupi2c.o(i.IIC_Send_Byte) for IIC_Send_Byte
    briupi2c.o(i.Sing_Read_NR) refers to briupi2c.o(i.IIC_Stop) for IIC_Stop
    briupi2c.o(i.Sing_Read_NR) refers to briupi2c.o(i.IIC_Wait_Ack) for IIC_Wait_Ack
    briupi2c.o(i.Sing_Read_NR) refers to briupi2c.o(i.IIC_Read_Byte) for IIC_Read_Byte
    briupi2c.o(i.Sing_Read_NR) refers to briupdelay.o(i._delay_ms) for _delay_ms
    briupi2c.o(i.Sing_Write_ND) refers to briupi2c.o(i.IIC_Start) for IIC_Start
    briupi2c.o(i.Sing_Write_ND) refers to briupi2c.o(i.IIC_Send_Byte) for IIC_Send_Byte
    briupi2c.o(i.Sing_Write_ND) refers to briupi2c.o(i.IIC_Wait_Ack) for IIC_Wait_Ack
    briupi2c.o(i.Sing_Write_ND) refers to briupi2c.o(i.IIC_Stop) for IIC_Stop
    briupi2c.o(i.Sing_Write_ND) refers to briupdelay.o(i._delay_ms) for _delay_ms
    briupi2c.o(i.Single_Read) refers to briupi2c.o(i.IIC_Start) for IIC_Start
    briupi2c.o(i.Single_Read) refers to briupi2c.o(i.IIC_Send_Byte) for IIC_Send_Byte
    briupi2c.o(i.Single_Read) refers to briupi2c.o(i.IIC_Wait_Ack) for IIC_Wait_Ack
    briupi2c.o(i.Single_Read) refers to briupi2c.o(i.IIC_Stop) for IIC_Stop
    briupi2c.o(i.Single_Read) refers to briupi2c.o(i.IIC_Read_Byte) for IIC_Read_Byte
    briupi2c.o(i.Single_Read_Len) refers to briupi2c.o(i.IIC_Start) for IIC_Start
    briupi2c.o(i.Single_Read_Len) refers to briupi2c.o(i.IIC_Send_Byte) for IIC_Send_Byte
    briupi2c.o(i.Single_Read_Len) refers to briupi2c.o(i.IIC_Wait_Ack) for IIC_Wait_Ack
    briupi2c.o(i.Single_Read_Len) refers to briupi2c.o(i.IIC_Stop) for IIC_Stop
    briupi2c.o(i.Single_Read_Len) refers to briupdelay.o(i._delay_ms) for _delay_ms
    briupi2c.o(i.Single_Read_Len) refers to briupi2c.o(i.IIC_Read_Byte) for IIC_Read_Byte
    briupi2c.o(i.Single_Write) refers to briupi2c.o(i.IIC_Start) for IIC_Start
    briupi2c.o(i.Single_Write) refers to briupi2c.o(i.IIC_Send_Byte) for IIC_Send_Byte
    briupi2c.o(i.Single_Write) refers to briupi2c.o(i.IIC_Wait_Ack) for IIC_Wait_Ack
    briupi2c.o(i.Single_Write) refers to briupi2c.o(i.IIC_Stop) for IIC_Stop
    briupi2c.o(i.Single_Write) refers to briupdelay.o(i._delay_us) for _delay_us
    briupusart3.o(i.USART3_IRQHandler) refers to briupusart3.o(.bss) for usart3_buffer
    briupusart3.o(i.USART3_IRQHandler) refers to briupusart3.o(.data) for bufTail
    briupusart3.o(i.usart3GetBuffer) refers to briupusart3.o(.data) for bufCount
    briupusart3.o(i.usart3GetBuffer) refers to briupusart3.o(.bss) for usart3_buffer
    briupusart3.o(i.usart3Init) refers to dflt_clz.o(x$fpl$dfltu) for __aeabi_ui2d
    briupusart3.o(i.usart3Init) refers to dmul.o(x$fpl$dmul) for __aeabi_dmul
    briupusart3.o(i.usart3Init) refers to ddiv.o(x$fpl$ddiv) for __aeabi_ddiv
    briupusart3.o(i.usart3Init) refers to dfixu.o(x$fpl$dfixu) for __aeabi_d2uiz
    briupusart3.o(i.usart3Init) refers to daddsub_clz.o(x$fpl$drsb) for __aeabi_drsub
    briupusart3.o(i.usart3Init) refers to misc.o(i.NVIC_Init) for NVIC_Init
    main.o(i.main) refers to briupdelay.o(i._delay_init) for _delay_init
    main.o(i.main) refers to briupusart.o(i.usart1Init) for usart1Init
    main.o(i.main) refers to briupzigbee.o(i.zigbeeInit) for zigbeeInit
    main.o(i.main) refers to briupusart3.o(i.usart3Init) for usart3Init
    main.o(i.main) refers to briupi2c.o(i.IIC_Init) for IIC_Init
    main.o(i.main) refers to briupgpio.o(i.briupGPIOInit) for briupGPIOInit
    main.o(i.main) refers to bh1750.o(i.BH1750_Init) for BH1750_Init
    main.o(i.main) refers to veml6070.o(i.VEML6070Init) for VEML6070Init
    main.o(i.main) refers to bh1750.o(i.BH1750_Measure) for BH1750_Measure
    main.o(i.main) refers to frleqf.o(x$fpl$frleqf) for __aeabi_cfrcmple
    main.o(i.main) refers to ffix.o(x$fpl$ffix) for __aeabi_f2iz
    main.o(i.main) refers to briupusart.o(i.putChar) for putChar
    main.o(i.main) refers to protocol.o(i.protocolSendToRaspi) for protocolSendToRaspi
    main.o(i.main) refers to protocol.o(i.protocolSendToBoard) for protocolSendToBoard
    main.o(i.main) refers to briupdelay.o(i._delay_sec) for _delay_sec
    main.o(i.main) refers to veml6070.o(i.VEML6070Measure) for VEML6070Measure
    main.o(i.main) refers to co2.o(i.CO2_Measure) for CO2_Measure
    protocol.o(i.protocolSendToBoard) refers to briupzigbee.o(i.zigbeeSendBuf) for zigbeeSendBuf
    protocol.o(i.protocolSendToRaspi) refers to briupzigbee.o(i.zigbeeSendBuf) for zigbeeSendBuf
    __main.o(!!!main) refers to __rtentry.o(.ARM.Collect$$rtentry$$00000000) for __rt_entry
    d2f.o(x$fpl$d2f) refers (Special) to usenofp.o(x$fpl$usenofp) for __I$use$fp
    d2f.o(x$fpl$d2f) refers to fretinf.o(x$fpl$fretinf) for __fpl_fretinf
    d2f.o(x$fpl$d2f) refers to dnaninf.o(x$fpl$dnaninf) for __fpl_dnaninf
    daddsub_clz.o(x$fpl$dadd) refers (Special) to usenofp.o(x$fpl$usenofp) for __I$use$fp
    daddsub_clz.o(x$fpl$dadd) refers to daddsub_clz.o(x$fpl$dsub) for _dsub1
    daddsub_clz.o(x$fpl$dadd) refers to dretinf.o(x$fpl$dretinf) for __fpl_dretinf
    daddsub_clz.o(x$fpl$dadd) refers to dnaninf.o(x$fpl$dnaninf) for __fpl_dnaninf
    daddsub_clz.o(x$fpl$drsb) refers (Special) to usenofp.o(x$fpl$usenofp) for __I$use$fp
    daddsub_clz.o(x$fpl$drsb) refers to daddsub_clz.o(x$fpl$dadd) for _dadd1
    daddsub_clz.o(x$fpl$drsb) refers to daddsub_clz.o(x$fpl$dsub) for _dsub1
    daddsub_clz.o(x$fpl$dsub) refers (Special) to usenofp.o(x$fpl$usenofp) for __I$use$fp
    daddsub_clz.o(x$fpl$dsub) refers to daddsub_clz.o(x$fpl$dadd) for _dadd1
    daddsub_clz.o(x$fpl$dsub) refers to dnaninf.o(x$fpl$dnaninf) for __fpl_dnaninf
    ddiv.o(x$fpl$drdiv) refers (Special) to usenofp.o(x$fpl$usenofp) for __I$use$fp
    ddiv.o(x$fpl$drdiv) refers to ddiv.o(x$fpl$ddiv) for ddiv_entry
    ddiv.o(x$fpl$ddiv) refers (Special) to usenofp.o(x$fpl$usenofp) for __I$use$fp
    ddiv.o(x$fpl$ddiv) refers to dretinf.o(x$fpl$dretinf) for __fpl_dretinf
    ddiv.o(x$fpl$ddiv) refers to dnaninf.o(x$fpl$dnaninf) for __fpl_dnaninf
    dfixu.o(x$fpl$dfixu) refers (Special) to usenofp.o(x$fpl$usenofp) for __I$use$fp
    dfixu.o(x$fpl$dfixu) refers to dnaninf.o(x$fpl$dnaninf) for __fpl_dnaninf
    dfixu.o(x$fpl$dfixur) refers (Special) to usenofp.o(x$fpl$usenofp) for __I$use$fp
    dfixu.o(x$fpl$dfixur) refers to dnaninf.o(x$fpl$dnaninf) for __fpl_dnaninf
    dflt_clz.o(x$fpl$dfltu) refers (Special) to usenofp.o(x$fpl$usenofp) for __I$use$fp
    dflt_clz.o(x$fpl$dflt) refers (Special) to usenofp.o(x$fpl$usenofp) for __I$use$fp
    dflt_clz.o(x$fpl$dfltn) refers (Special) to usenofp.o(x$fpl$usenofp) for __I$use$fp
    dmul.o(x$fpl$dmul) refers (Special) to usenofp.o(x$fpl$usenofp) for __I$use$fp
    dmul.o(x$fpl$dmul) refers to dretinf.o(x$fpl$dretinf) for __fpl_dretinf
    dmul.o(x$fpl$dmul) refers to dnaninf.o(x$fpl$dnaninf) for __fpl_dnaninf
    f2d.o(x$fpl$f2d) refers (Special) to usenofp.o(x$fpl$usenofp) for __I$use$fp
    f2d.o(x$fpl$f2d) refers to fnaninf.o(x$fpl$fnaninf) for __fpl_fnaninf
    f2d.o(x$fpl$f2d) refers to dretinf.o(x$fpl$dretinf) for __fpl_dretinf
    ffix.o(x$fpl$ffix) refers (Special) to usenofp.o(x$fpl$usenofp) for __I$use$fp
    ffix.o(x$fpl$ffix) refers to fnaninf.o(x$fpl$fnaninf) for __fpl_fnaninf
    ffix.o(x$fpl$ffixr) refers (Special) to usenofp.o(x$fpl$usenofp) for __I$use$fp
    ffix.o(x$fpl$ffixr) refers to fnaninf.o(x$fpl$fnaninf) for __fpl_fnaninf
    fflt_clz.o(x$fpl$ffltu) refers (Special) to usenofp.o(x$fpl$usenofp) for __I$use$fp
    fflt_clz.o(x$fpl$fflt) refers (Special) to usenofp.o(x$fpl$usenofp) for __I$use$fp
    fflt_clz.o(x$fpl$ffltn) refers (Special) to usenofp.o(x$fpl$usenofp) for __I$use$fp
    frleqf.o(x$fpl$frleqf) refers (Special) to usenofp.o(x$fpl$usenofp) for __I$use$fp
    frleqf.o(x$fpl$frleqf) refers to fleqf.o(x$fpl$fleqf) for __fpl_fcmple_InfNaN
    __rtentry.o(.ARM.Collect$$rtentry$$00000000) refers (Special) to __rtentry2.o(.ARM.Collect$$rtentry$$0000000A) for __rt_entry_li
    __rtentry.o(.ARM.Collect$$rtentry$$00000000) refers (Special) to __rtentry2.o(.ARM.Collect$$rtentry$$0000000D) for __rt_entry_main
    __rtentry.o(.ARM.Collect$$rtentry$$00000000) refers (Special) to __rtentry2.o(.ARM.Collect$$rtentry$$0000000C) for __rt_entry_postli_1
    __rtentry.o(.ARM.Collect$$rtentry$$00000000) refers (Special) to __rtentry2.o(.ARM.Collect$$rtentry$$00000009) for __rt_entry_postsh_1
    __rtentry.o(.ARM.Collect$$rtentry$$00000000) refers (Special) to __rtentry2.o(.ARM.Collect$$rtentry$$00000002) for __rt_entry_presh_1
    __rtentry.o(.ARM.Collect$$rtentry$$00000000) refers (Special) to __rtentry4.o(.ARM.Collect$$rtentry$$00000004) for __rt_entry_sh
    dnaninf.o(x$fpl$dnaninf) refers (Special) to usenofp.o(x$fpl$usenofp) for __I$use$fp
    dretinf.o(x$fpl$dretinf) refers (Special) to usenofp.o(x$fpl$usenofp) for __I$use$fp
    fleqf.o(x$fpl$fleqf) refers (Special) to usenofp.o(x$fpl$usenofp) for __I$use$fp
    fleqf.o(x$fpl$fleqf) refers to fnaninf.o(x$fpl$fnaninf) for __fpl_fnaninf
    fleqf.o(x$fpl$fleqf) refers to fcmpi.o(x$fpl$fcmpinf) for __fpl_fcmp_Inf
    fnaninf.o(x$fpl$fnaninf) refers (Special) to usenofp.o(x$fpl$usenofp) for __I$use$fp
    fretinf.o(x$fpl$fretinf) refers (Special) to usenofp.o(x$fpl$usenofp) for __I$use$fp
    __rtentry2.o(.ARM.Collect$$rtentry$$00000008) refers to boardinit2.o(.text) for _platform_post_stackheap_init
    __rtentry2.o(.ARM.Collect$$rtentry$$0000000A) refers to libinit.o(.ARM.Collect$$libinit$$00000000) for __rt_lib_init
    __rtentry2.o(.ARM.Collect$$rtentry$$0000000B) refers to boardinit3.o(.text) for _platform_post_lib_init
    __rtentry2.o(.ARM.Collect$$rtentry$$0000000D) refers to main.o(i.main) for main
    __rtentry2.o(.ARM.Collect$$rtentry$$0000000D) refers to exit.o(.text) for exit
    __rtentry2.o(.ARM.exidx) refers to __rtentry2.o(.ARM.Collect$$rtentry$$00000001) for .ARM.Collect$$rtentry$$00000001
    __rtentry2.o(.ARM.exidx) refers to __rtentry2.o(.ARM.Collect$$rtentry$$00000008) for .ARM.Collect$$rtentry$$00000008
    __rtentry2.o(.ARM.exidx) refers to __rtentry2.o(.ARM.Collect$$rtentry$$0000000A) for .ARM.Collect$$rtentry$$0000000A
    __rtentry2.o(.ARM.exidx) refers to __rtentry2.o(.ARM.Collect$$rtentry$$0000000B) for .ARM.Collect$$rtentry$$0000000B
    __rtentry2.o(.ARM.exidx) refers to __rtentry2.o(.ARM.Collect$$rtentry$$0000000D) for .ARM.Collect$$rtentry$$0000000D
    __rtentry4.o(.ARM.Collect$$rtentry$$00000004) refers to sys_stackheap_outer.o(.text) for __user_setup_stackheap
    __rtentry4.o(.ARM.exidx) refers to __rtentry4.o(.ARM.Collect$$rtentry$$00000004) for .ARM.Collect$$rtentry$$00000004
    fcmpi.o(x$fpl$fcmpinf) refers (Special) to usenofp.o(x$fpl$usenofp) for __I$use$fp
    sys_stackheap_outer.o(.text) refers to libspace.o(.text) for __user_perproc_libspace
    sys_stackheap_outer.o(.text) refers to startup_stm32f10x_md.o(.text) for __user_initial_stackheap
    exit.o(.text) refers to rtexit.o(.ARM.Collect$$rtexit$$00000000) for __rt_exit
    libinit.o(.ARM.Collect$$libinit$$00000000) refers (Special) to libinit2.o(.ARM.Collect$$libinit$$0000002E) for __rt_lib_init_alloca_1
    libinit.o(.ARM.Collect$$libinit$$00000000) refers (Special) to libinit2.o(.ARM.Collect$$libinit$$0000002C) for __rt_lib_init_argv_1
    libinit.o(.ARM.Collect$$libinit$$00000000) refers (Special) to libinit2.o(.ARM.Collect$$libinit$$0000001B) for __rt_lib_init_atexit_1
    libinit.o(.ARM.Collect$$libinit$$00000000) refers (Special) to libinit2.o(.ARM.Collect$$libinit$$00000021) for __rt_lib_init_clock_1
    libinit.o(.ARM.Collect$$libinit$$00000000) refers (Special) to libinit2.o(.ARM.Collect$$libinit$$00000032) for __rt_lib_init_cpp_1
    libinit.o(.ARM.Collect$$libinit$$00000000) refers (Special) to libinit2.o(.ARM.Collect$$libinit$$00000030) for __rt_lib_init_exceptions_1
    libinit.o(.ARM.Collect$$libinit$$00000000) refers (Special) to libinit2.o(.ARM.Collect$$libinit$$00000002) for __rt_lib_init_fp_1
    libinit.o(.ARM.Collect$$libinit$$00000000) refers (Special) to libinit2.o(.ARM.Collect$$libinit$$0000001F) for __rt_lib_init_fp_trap_1
    libinit.o(.ARM.Collect$$libinit$$00000000) refers (Special) to libinit2.o(.ARM.Collect$$libinit$$00000023) for __rt_lib_init_getenv_1
    libinit.o(.ARM.Collect$$libinit$$00000000) refers (Special) to libinit2.o(.ARM.Collect$$libinit$$0000000A) for __rt_lib_init_heap_1
    libinit.o(.ARM.Collect$$libinit$$00000000) refers (Special) to libinit2.o(.ARM.Collect$$libinit$$00000011) for __rt_lib_init_lc_collate_1
    libinit.o(.ARM.Collect$$libinit$$00000000) refers (Special) to libinit2.o(.ARM.Collect$$libinit$$00000013) for __rt_lib_init_lc_ctype_1
    libinit.o(.ARM.Collect$$libinit$$00000000) refers (Special) to libinit2.o(.ARM.Collect$$libinit$$00000015) for __rt_lib_init_lc_monetary_1
    libinit.o(.ARM.Collect$$libinit$$00000000) refers (Special) to libinit2.o(.ARM.Collect$$libinit$$00000017) for __rt_lib_init_lc_numeric_1
    libinit.o(.ARM.Collect$$libinit$$00000000) refers (Special) to libinit2.o(.ARM.Collect$$libinit$$00000019) for __rt_lib_init_lc_time_1
    libinit.o(.ARM.Collect$$libinit$$00000000) refers (Special) to libinit2.o(.ARM.Collect$$libinit$$00000004) for __rt_lib_init_preinit_1
    libinit.o(.ARM.Collect$$libinit$$00000000) refers (Special) to libinit2.o(.ARM.Collect$$libinit$$0000000E) for __rt_lib_init_rand_1
    libinit.o(.ARM.Collect$$libinit$$00000000) refers (Special) to libinit2.o(.ARM.Collect$$libinit$$00000033) for __rt_lib_init_return
    libinit.o(.ARM.Collect$$libinit$$00000000) refers (Special) to libinit2.o(.ARM.Collect$$libinit$$0000001D) for __rt_lib_init_signal_1
    libinit.o(.ARM.Collect$$libinit$$00000000) refers (Special) to libinit2.o(.ARM.Collect$$libinit$$00000025) for __rt_lib_init_stdio_1
    libinit.o(.ARM.Collect$$libinit$$00000000) refers (Special) to libinit2.o(.ARM.Collect$$libinit$$0000000C) for __rt_lib_init_user_alloc_1
    libspace.o(.text) refers to libspace.o(.bss) for __libspace_start
    rtexit.o(.ARM.Collect$$rtexit$$00000000) refers (Special) to rtexit2.o(.ARM.Collect$$rtexit$$00000004) for __rt_exit_exit
    rtexit.o(.ARM.Collect$$rtexit$$00000000) refers (Special) to rtexit2.o(.ARM.Collect$$rtexit$$00000003) for __rt_exit_ls
    rtexit.o(.ARM.Collect$$rtexit$$00000000) refers (Special) to rtexit2.o(.ARM.Collect$$rtexit$$00000002) for __rt_exit_prels_1
    rtexit.o(.ARM.exidx) refers (Special) to rtexit2.o(.ARM.Collect$$rtexit$$00000004) for __rt_exit_exit
    rtexit.o(.ARM.exidx) refers (Special) to rtexit2.o(.ARM.Collect$$rtexit$$00000003) for __rt_exit_ls
    rtexit.o(.ARM.exidx) refers (Special) to rtexit2.o(.ARM.Collect$$rtexit$$00000002) for __rt_exit_prels_1
    rtexit.o(.ARM.exidx) refers to rtexit.o(.ARM.Collect$$rtexit$$00000000) for .ARM.Collect$$rtexit$$00000000
    libinit2.o(.ARM.Collect$$libinit$$00000010) refers to libinit2.o(.ARM.Collect$$libinit$$0000000F) for .ARM.Collect$$libinit$$0000000F
    libinit2.o(.ARM.Collect$$libinit$$00000012) refers to libinit2.o(.ARM.Collect$$libinit$$0000000F) for .ARM.Collect$$libinit$$0000000F
    libinit2.o(.ARM.Collect$$libinit$$00000014) refers to libinit2.o(.ARM.Collect$$libinit$$0000000F) for .ARM.Collect$$libinit$$0000000F
    libinit2.o(.ARM.Collect$$libinit$$00000016) refers to libinit2.o(.ARM.Collect$$libinit$$0000000F) for .ARM.Collect$$libinit$$0000000F
    libinit2.o(.ARM.Collect$$libinit$$00000018) refers to libinit2.o(.ARM.Collect$$libinit$$0000000F) for .ARM.Collect$$libinit$$0000000F
    libinit2.o(.ARM.Collect$$libinit$$00000026) refers to argv_veneer.o(.emb_text) for __ARM_argv_veneer
    libinit2.o(.ARM.Collect$$libinit$$00000027) refers to argv_veneer.o(.emb_text) for __ARM_argv_veneer
    rtexit2.o(.ARM.Collect$$rtexit$$00000003) refers to libshutdown.o(.ARM.Collect$$libshutdown$$00000000) for __rt_lib_shutdown
    rtexit2.o(.ARM.Collect$$rtexit$$00000004) refers to sys_exit.o(.text) for _sys_exit
    rtexit2.o(.ARM.exidx) refers to rtexit2.o(.ARM.Collect$$rtexit$$00000001) for .ARM.Collect$$rtexit$$00000001
    rtexit2.o(.ARM.exidx) refers to rtexit2.o(.ARM.Collect$$rtexit$$00000003) for .ARM.Collect$$rtexit$$00000003
    rtexit2.o(.ARM.exidx) refers to rtexit2.o(.ARM.Collect$$rtexit$$00000004) for .ARM.Collect$$rtexit$$00000004
    argv_veneer.o(.emb_text) refers to no_argv.o(.text) for __ARM_get_argv
    sys_exit.o(.text) refers (Special) to use_no_semi.o(.text) for __I$use$semihosting
    sys_exit.o(.text) refers (Special) to indicate_semi.o(.text) for __semihosting_library_function
    _get_argv_nomalloc.o(.text) refers (Special) to hrguard.o(.text) for __heap_region$guard
    _get_argv_nomalloc.o(.text) refers to defsig_rtmem_outer.o(.text) for __rt_SIGRTMEM
    _get_argv_nomalloc.o(.text) refers to sys_command.o(.text) for _sys_command_string
    libshutdown.o(.ARM.Collect$$libshutdown$$00000000) refers (Special) to libshutdown2.o(.ARM.Collect$$libshutdown$$00000006) for __rt_lib_shutdown_fp_trap_1
    libshutdown.o(.ARM.Collect$$libshutdown$$00000000) refers (Special) to libshutdown2.o(.ARM.Collect$$libshutdown$$0000000E) for __rt_lib_shutdown_heap_1
    libshutdown.o(.ARM.Collect$$libshutdown$$00000000) refers (Special) to libshutdown2.o(.ARM.Collect$$libshutdown$$0000000F) for __rt_lib_shutdown_return
    libshutdown.o(.ARM.Collect$$libshutdown$$00000000) refers (Special) to libshutdown2.o(.ARM.Collect$$libshutdown$$00000009) for __rt_lib_shutdown_signal_1
    libshutdown.o(.ARM.Collect$$libshutdown$$00000000) refers (Special) to libshutdown2.o(.ARM.Collect$$libshutdown$$00000003) for __rt_lib_shutdown_stdio_1
    libshutdown.o(.ARM.Collect$$libshutdown$$00000000) refers (Special) to libshutdown2.o(.ARM.Collect$$libshutdown$$0000000B) for __rt_lib_shutdown_user_alloc_1
    sys_command.o(.text) refers (Special) to use_no_semi.o(.text) for __I$use$semihosting
    sys_command.o(.text) refers (Special) to indicate_semi.o(.text) for __semihosting_library_function
    defsig_rtmem_outer.o(.text) refers to defsig_rtmem_inner.o(.text) for __rt_SIGRTMEM_inner
    defsig_rtmem_outer.o(.text) refers to defsig_exit.o(.text) for __sig_exit
    defsig_rtmem_formal.o(.text) refers to rt_raise.o(.text) for __rt_raise
    rt_raise.o(.text) refers to __raise.o(.text) for __raise
    rt_raise.o(.text) refers to sys_exit.o(.text) for _sys_exit
    defsig_exit.o(.text) refers to sys_exit.o(.text) for _sys_exit
    defsig_rtmem_inner.o(.text) refers to defsig_general.o(.text) for __default_signal_display
    __raise.o(.text) refers to defsig.o(CL$$defsig) for __default_signal_handler
    defsig_general.o(.text) refers to sys_wrch.o(.text) for _ttywrch
    sys_wrch.o(.text) refers (Special) to use_no_semi.o(.text) for __I$use$semihosting
    sys_wrch.o(.text) refers (Special) to indicate_semi.o(.text) for __semihosting_library_function
    defsig.o(CL$$defsig) refers to defsig_rtmem_inner.o(.text) for __rt_SIGRTMEM_inner
    defsig_abrt_inner.o(.text) refers to defsig_general.o(.text) for __default_signal_display
    defsig_fpe_inner.o(.text) refers to defsig_general.o(.text) for __default_signal_display
    defsig_rtred_inner.o(.text) refers to defsig_general.o(.text) for __default_signal_display
    defsig_stak_inner.o(.text) refers to defsig_general.o(.text) for __default_signal_display
    defsig_pvfn_inner.o(.text) refers to defsig_general.o(.text) for __default_signal_display
    defsig_cppl_inner.o(.text) refers to defsig_general.o(.text) for __default_signal_display
    defsig_segv_inner.o(.text) refers to defsig_general.o(.text) for __default_signal_display
    defsig_other.o(.text) refers to defsig_general.o(.text) for __default_signal_display


==============================================================================

Removing Unused input sections from the image.

    Removing system_stm32f10x.o(i.SystemCoreClockUpdate), (164 bytes).
    Removing system_stm32f10x.o(.data), (20 bytes).
    Removing core_cm3.o(.emb_text), (32 bytes).
    Removing baseperipheral.o(i.baseBeepSet), (36 bytes).
    Removing baseperipheral.o(i.baseLedSet), (204 bytes).
    Removing sht20.o(i.SHT20_Measure), (216 bytes).
    Removing sht20.o(i.SHT20_Original_HUM), (58 bytes).
    Removing sht20.o(i.SHT20_Original_TEMP), (58 bytes).
    Removing bh1750.o(i.BH1750_Original_Measure), (50 bytes).
    Removing briupusart.o(i.getBuffer), (236 bytes).
    Removing briupusart.o(i.getChar), (28 bytes).
    Removing briupusart.o(i.getStr), (32 bytes).
    Removing briupusart.o(i.putBuffer), (28 bytes).
    Removing briupusart.o(i.putDataDma), (32 bytes).
    Removing briupusart.o(i.putStr), (22 bytes).
    Removing briupzigbee.o(i.zigbeeGetData), (236 bytes).
    Removing briupi2c.o(i.Single_Read), (72 bytes).
    Removing briupi2c.o(i.Single_Read_Len), (112 bytes).
    Removing briupi2c.o(i.Single_Write), (76 bytes).
    Removing misc.o(i.NVIC_PriorityGroupConfig), (20 bytes).
    Removing misc.o(i.NVIC_SetVectorTable), (20 bytes).
    Removing misc.o(i.NVIC_SystemLPConfig), (32 bytes).
    Removing misc.o(i.SysTick_CLKSourceConfig), (40 bytes).

23 unused section(s) (total 1824 bytes) removed from the image.

==============================================================================

Image Symbol Table

    Local Symbols

    Symbol Name                              Value     Ov Type        Size  Object(Section)

    ../clib/angel/boardlib.s                 0x00000000   Number         0  boardinit3.o ABSOLUTE
    ../clib/angel/boardlib.s                 0x00000000   Number         0  boardinit2.o ABSOLUTE
    ../clib/angel/boardlib.s                 0x00000000   Number         0  boardinit1.o ABSOLUTE
    ../clib/angel/boardlib.s                 0x00000000   Number         0  boardshut.o ABSOLUTE
    ../clib/angel/handlers.s                 0x00000000   Number         0  __scatter_zi.o ABSOLUTE
    ../clib/angel/handlers.s                 0x00000000   Number         0  __scatter_copy.o ABSOLUTE
    ../clib/angel/kernel.s                   0x00000000   Number         0  rtexit.o ABSOLUTE
    ../clib/angel/kernel.s                   0x00000000   Number         0  __rtentry.o ABSOLUTE
    ../clib/angel/kernel.s                   0x00000000   Number         0  rtexit2.o ABSOLUTE
    ../clib/angel/kernel.s                   0x00000000   Number         0  __rtentry4.o ABSOLUTE
    ../clib/angel/kernel.s                   0x00000000   Number         0  __rtentry2.o ABSOLUTE
    ../clib/angel/rt.s                       0x00000000   Number         0  rt_raise.o ABSOLUTE
    ../clib/angel/scatter.s                  0x00000000   Number         0  __scatter.o ABSOLUTE
    ../clib/angel/startup.s                  0x00000000   Number         0  __main.o ABSOLUTE
    ../clib/angel/sys.s                      0x00000000   Number         0  libspace.o ABSOLUTE
    ../clib/angel/sys.s                      0x00000000   Number         0  use_no_semi.o ABSOLUTE
    ../clib/angel/sys.s                      0x00000000   Number         0  indicate_semi.o ABSOLUTE
    ../clib/angel/sys.s                      0x00000000   Number         0  sys_stackheap_outer.o ABSOLUTE
    ../clib/angel/sysapp.c                   0x00000000   Number         0  sys_wrch.o ABSOLUTE
    ../clib/angel/sysapp.c                   0x00000000   Number         0  sys_exit.o ABSOLUTE
    ../clib/angel/sysapp.c                   0x00000000   Number         0  sys_command.o ABSOLUTE
    ../clib/armsys.c                         0x00000000   Number         0  _get_argv_nomalloc.o ABSOLUTE
    ../clib/armsys.c                         0x00000000   Number         0  argv_veneer.o ABSOLUTE
    ../clib/armsys.c                         0x00000000   Number         0  argv_veneer.o ABSOLUTE
    ../clib/armsys.c                         0x00000000   Number         0  no_argv.o ABSOLUTE
    ../clib/heapalloc.c                      0x00000000   Number         0  hrguard.o ABSOLUTE
    ../clib/heapaux.c                        0x00000000   Number         0  heapauxi.o ABSOLUTE
    ../clib/libinit.s                        0x00000000   Number         0  libinit.o ABSOLUTE
    ../clib/libinit.s                        0x00000000   Number         0  libshutdown2.o ABSOLUTE
    ../clib/libinit.s                        0x00000000   Number         0  libinit2.o ABSOLUTE
    ../clib/libinit.s                        0x00000000   Number         0  libshutdown.o ABSOLUTE
    ../clib/signal.c                         0x00000000   Number         0  defsig_pvfn_inner.o ABSOLUTE
    ../clib/signal.c                         0x00000000   Number         0  defsig_stak_inner.o ABSOLUTE
    ../clib/signal.c                         0x00000000   Number         0  defsig_rtred_inner.o ABSOLUTE
    ../clib/signal.c                         0x00000000   Number         0  defsig_abrt_inner.o ABSOLUTE
    ../clib/signal.c                         0x00000000   Number         0  defsig_general.o ABSOLUTE
    ../clib/signal.c                         0x00000000   Number         0  __raise.o ABSOLUTE
    ../clib/signal.c                         0x00000000   Number         0  defsig_rtmem_inner.o ABSOLUTE
    ../clib/signal.c                         0x00000000   Number         0  defsig_exit.o ABSOLUTE
    ../clib/signal.c                         0x00000000   Number         0  defsig_rtmem_outer.o ABSOLUTE
    ../clib/signal.c                         0x00000000   Number         0  defsig_rtmem_formal.o ABSOLUTE
    ../clib/signal.c                         0x00000000   Number         0  defsig_fpe_inner.o ABSOLUTE
    ../clib/signal.c                         0x00000000   Number         0  defsig_other.o ABSOLUTE
    ../clib/signal.c                         0x00000000   Number         0  defsig_segv_inner.o ABSOLUTE
    ../clib/signal.c                         0x00000000   Number         0  defsig_cppl_inner.o ABSOLUTE
    ../clib/signal.s                         0x00000000   Number         0  defsig.o ABSOLUTE
    ../clib/stdlib.c                         0x00000000   Number         0  exit.o ABSOLUTE
    ../fplib/d2f.s                           0x00000000   Number         0  d2f.o ABSOLUTE
    ../fplib/daddsub.s                       0x00000000   Number         0  daddsub_clz.o ABSOLUTE
    ../fplib/ddiv.s                          0x00000000   Number         0  ddiv.o ABSOLUTE
    ../fplib/dfixu.s                         0x00000000   Number         0  dfixu.o ABSOLUTE
    ../fplib/dflt.s                          0x00000000   Number         0  dflt_clz.o ABSOLUTE
    ../fplib/dmul.s                          0x00000000   Number         0  dmul.o ABSOLUTE
    ../fplib/dnaninf.s                       0x00000000   Number         0  dnaninf.o ABSOLUTE
    ../fplib/dretinf.s                       0x00000000   Number         0  dretinf.o ABSOLUTE
    ../fplib/f2d.s                           0x00000000   Number         0  f2d.o ABSOLUTE
    ../fplib/fcmpi.s                         0x00000000   Number         0  fcmpi.o ABSOLUTE
    ../fplib/ffix.s                          0x00000000   Number         0  ffix.o ABSOLUTE
    ../fplib/fflt.s                          0x00000000   Number         0  fflt_clz.o ABSOLUTE
    ../fplib/fleqf.s                         0x00000000   Number         0  fleqf.o ABSOLUTE
    ../fplib/fnaninf.s                       0x00000000   Number         0  fnaninf.o ABSOLUTE
    ../fplib/fpinit.s                        0x00000000   Number         0  fpinit.o ABSOLUTE
    ../fplib/fretinf.s                       0x00000000   Number         0  fretinf.o ABSOLUTE
    ../fplib/frleqf.s                        0x00000000   Number         0  frleqf.o ABSOLUTE
    ../fplib/usenofp.s                       0x00000000   Number         0  usenofp.o ABSOLUTE
    ..\Libraries\CMSIS\CM3\CoreSupport\core_cm3.c 0x00000000   Number         0  core_cm3.o ABSOLUTE
    ..\Libraries\CMSIS\CM3\DeviceSupport\ST\STM32F10x\startup\arm\startup_stm32f10x_md.s 0x00000000   Number         0  startup_stm32f10x_md.o ABSOLUTE
    ..\Libraries\CMSIS\CM3\DeviceSupport\ST\STM32F10x\system_stm32f10x.c 0x00000000   Number         0  system_stm32f10x.o ABSOLUTE
    ..\Libraries\STM32F10x_StdPeriph_Driver\src\misc.c 0x00000000   Number         0  misc.o ABSOLUTE
    ..\\Libraries\\CMSIS\\CM3\\CoreSupport\\core_cm3.c 0x00000000   Number         0  core_cm3.o ABSOLUTE
    ..\devices\src\BH1750.c                  0x00000000   Number         0  bh1750.o ABSOLUTE
    ..\devices\src\CO2.c                     0x00000000   Number         0  co2.o ABSOLUTE
    ..\devices\src\basePeripheral.c          0x00000000   Number         0  baseperipheral.o ABSOLUTE
    ..\devices\src\sht20.c                   0x00000000   Number         0  sht20.o ABSOLUTE
    ..\devices\src\veml6070.c                0x00000000   Number         0  veml6070.o ABSOLUTE
    ..\hardware\src\briupDelay.c             0x00000000   Number         0  briupdelay.o ABSOLUTE
    ..\hardware\src\briupGPIO.c              0x00000000   Number         0  briupgpio.o ABSOLUTE
    ..\hardware\src\briupI2C.c               0x00000000   Number         0  briupi2c.o ABSOLUTE
    ..\hardware\src\briupUsart.c             0x00000000   Number         0  briupusart.o ABSOLUTE
    ..\hardware\src\briupUsart3.c            0x00000000   Number         0  briupusart3.o ABSOLUTE
    ..\hardware\src\briupZigbee.c            0x00000000   Number         0  briupzigbee.o ABSOLUTE
    ..\user\main.c                           0x00000000   Number         0  main.o ABSOLUTE
    ..\user\protocol.c                       0x00000000   Number         0  protocol.o ABSOLUTE
    dc.s                                     0x00000000   Number         0  dc.o ABSOLUTE
    RESET                                    0x08000000   Section      236  startup_stm32f10x_md.o(RESET)
    !!!main                                  0x080000ec   Section        8  __main.o(!!!main)
    !!!scatter                               0x080000f4   Section       52  __scatter.o(!!!scatter)
    !!handler_copy                           0x08000128   Section       26  __scatter_copy.o(!!handler_copy)
    !!handler_zi                             0x08000144   Section       28  __scatter_zi.o(!!handler_zi)
    .ARM.Collect$$libinit$$00000000          0x08000160   Section        2  libinit.o(.ARM.Collect$$libinit$$00000000)
    .ARM.Collect$$libinit$$00000002          0x08000162   Section        0  libinit2.o(.ARM.Collect$$libinit$$00000002)
    .ARM.Collect$$libinit$$00000004          0x08000162   Section        0  libinit2.o(.ARM.Collect$$libinit$$00000004)
    .ARM.Collect$$libinit$$0000000A          0x08000162   Section        0  libinit2.o(.ARM.Collect$$libinit$$0000000A)
    .ARM.Collect$$libinit$$0000000C          0x08000162   Section        0  libinit2.o(.ARM.Collect$$libinit$$0000000C)
    .ARM.Collect$$libinit$$0000000E          0x08000162   Section        0  libinit2.o(.ARM.Collect$$libinit$$0000000E)
    .ARM.Collect$$libinit$$00000011          0x08000162   Section        0  libinit2.o(.ARM.Collect$$libinit$$00000011)
    .ARM.Collect$$libinit$$00000013          0x08000162   Section        0  libinit2.o(.ARM.Collect$$libinit$$00000013)
    .ARM.Collect$$libinit$$00000015          0x08000162   Section        0  libinit2.o(.ARM.Collect$$libinit$$00000015)
    .ARM.Collect$$libinit$$00000017          0x08000162   Section        0  libinit2.o(.ARM.Collect$$libinit$$00000017)
    .ARM.Collect$$libinit$$00000019          0x08000162   Section        0  libinit2.o(.ARM.Collect$$libinit$$00000019)
    .ARM.Collect$$libinit$$0000001B          0x08000162   Section        0  libinit2.o(.ARM.Collect$$libinit$$0000001B)
    .ARM.Collect$$libinit$$0000001D          0x08000162   Section        0  libinit2.o(.ARM.Collect$$libinit$$0000001D)
    .ARM.Collect$$libinit$$0000001F          0x08000162   Section        0  libinit2.o(.ARM.Collect$$libinit$$0000001F)
    .ARM.Collect$$libinit$$00000021          0x08000162   Section        0  libinit2.o(.ARM.Collect$$libinit$$00000021)
    .ARM.Collect$$libinit$$00000023          0x08000162   Section        0  libinit2.o(.ARM.Collect$$libinit$$00000023)
    .ARM.Collect$$libinit$$00000025          0x08000162   Section        0  libinit2.o(.ARM.Collect$$libinit$$00000025)
    .ARM.Collect$$libinit$$0000002C          0x08000162   Section        0  libinit2.o(.ARM.Collect$$libinit$$0000002C)
    .ARM.Collect$$libinit$$0000002E          0x08000162   Section        0  libinit2.o(.ARM.Collect$$libinit$$0000002E)
    .ARM.Collect$$libinit$$00000030          0x08000162   Section        0  libinit2.o(.ARM.Collect$$libinit$$00000030)
    .ARM.Collect$$libinit$$00000032          0x08000162   Section        0  libinit2.o(.ARM.Collect$$libinit$$00000032)
    .ARM.Collect$$libinit$$00000033          0x08000162   Section        2  libinit2.o(.ARM.Collect$$libinit$$00000033)
    .ARM.Collect$$libshutdown$$00000000      0x08000164   Section        2  libshutdown.o(.ARM.Collect$$libshutdown$$00000000)
    .ARM.Collect$$libshutdown$$00000003      0x08000166   Section        0  libshutdown2.o(.ARM.Collect$$libshutdown$$00000003)
    .ARM.Collect$$libshutdown$$00000006      0x08000166   Section        0  libshutdown2.o(.ARM.Collect$$libshutdown$$00000006)
    .ARM.Collect$$libshutdown$$00000009      0x08000166   Section        0  libshutdown2.o(.ARM.Collect$$libshutdown$$00000009)
    .ARM.Collect$$libshutdown$$0000000B      0x08000166   Section        0  libshutdown2.o(.ARM.Collect$$libshutdown$$0000000B)
    .ARM.Collect$$libshutdown$$0000000E      0x08000166   Section        0  libshutdown2.o(.ARM.Collect$$libshutdown$$0000000E)
    .ARM.Collect$$libshutdown$$0000000F      0x08000166   Section        2  libshutdown2.o(.ARM.Collect$$libshutdown$$0000000F)
    .ARM.Collect$$rtentry$$00000000          0x08000168   Section        0  __rtentry.o(.ARM.Collect$$rtentry$$00000000)
    .ARM.Collect$$rtentry$$00000002          0x08000168   Section        0  __rtentry2.o(.ARM.Collect$$rtentry$$00000002)
    .ARM.Collect$$rtentry$$00000004          0x08000168   Section        6  __rtentry4.o(.ARM.Collect$$rtentry$$00000004)
    .ARM.Collect$$rtentry$$00000009          0x0800016e   Section        0  __rtentry2.o(.ARM.Collect$$rtentry$$00000009)
    .ARM.Collect$$rtentry$$0000000A          0x0800016e   Section        4  __rtentry2.o(.ARM.Collect$$rtentry$$0000000A)
    .ARM.Collect$$rtentry$$0000000C          0x08000172   Section        0  __rtentry2.o(.ARM.Collect$$rtentry$$0000000C)
    .ARM.Collect$$rtentry$$0000000D          0x08000172   Section        8  __rtentry2.o(.ARM.Collect$$rtentry$$0000000D)
    .ARM.Collect$$rtexit$$00000000           0x0800017a   Section        2  rtexit.o(.ARM.Collect$$rtexit$$00000000)
    .ARM.Collect$$rtexit$$00000002           0x0800017c   Section        0  rtexit2.o(.ARM.Collect$$rtexit$$00000002)
    .ARM.Collect$$rtexit$$00000003           0x0800017c   Section        4  rtexit2.o(.ARM.Collect$$rtexit$$00000003)
    .ARM.Collect$$rtexit$$00000004           0x08000180   Section        6  rtexit2.o(.ARM.Collect$$rtexit$$00000004)
    .text                                    0x08000188   Section       64  startup_stm32f10x_md.o(.text)
    .text                                    0x080001c8   Section        0  heapauxi.o(.text)
    .text                                    0x080001ce   Section       74  sys_stackheap_outer.o(.text)
    .text                                    0x08000218   Section        0  exit.o(.text)
    .text                                    0x08000224   Section        8  libspace.o(.text)
    .text                                    0x0800022c   Section        0  sys_exit.o(.text)
    .text                                    0x08000238   Section        2  use_no_semi.o(.text)
    .text                                    0x0800023a   Section        0  indicate_semi.o(.text)
    i.BH1750_Init                            0x0800023a   Section        0  bh1750.o(i.BH1750_Init)
    i.BH1750_Measure                         0x08000268   Section        0  bh1750.o(i.BH1750_Measure)
    i.CO2_Measure                            0x080002bc   Section        0  co2.o(i.CO2_Measure)
    i.IIC_Ack                                0x08000300   Section        0  briupi2c.o(i.IIC_Ack)
    i.IIC_Init                               0x08000360   Section        0  briupi2c.o(i.IIC_Init)
    i.IIC_NAck                               0x080003a8   Section        0  briupi2c.o(i.IIC_NAck)
    i.IIC_Read_Byte                          0x08000408   Section        0  briupi2c.o(i.IIC_Read_Byte)
    i.IIC_Send_Byte                          0x08000484   Section        0  briupi2c.o(i.IIC_Send_Byte)
    i.IIC_Start                              0x0800051c   Section        0  briupi2c.o(i.IIC_Start)
    i.IIC_Stop                               0x08000580   Section        0  briupi2c.o(i.IIC_Stop)
    i.IIC_Wait_Ack                           0x080005ec   Section        0  briupi2c.o(i.IIC_Wait_Ack)
    i.NVIC_Init                              0x08000668   Section        0  misc.o(i.NVIC_Init)
    i.SetSysClock                            0x080006d8   Section        0  system_stm32f10x.o(i.SetSysClock)
    SetSysClock                              0x080006d9   Thumb Code     8  system_stm32f10x.o(i.SetSysClock)
    i.SetSysClockTo72                        0x080006e0   Section        0  system_stm32f10x.o(i.SetSysClockTo72)
    SetSysClockTo72                          0x080006e1   Thumb Code   214  system_stm32f10x.o(i.SetSysClockTo72)
    i.Sing_Read_NR                           0x080007c0   Section        0  briupi2c.o(i.Sing_Read_NR)
    i.Sing_Write_ND                          0x08000816   Section        0  briupi2c.o(i.Sing_Write_ND)
    i.SystemInit                             0x0800084c   Section        0  system_stm32f10x.o(i.SystemInit)
    i.USART1_IRQHandler                      0x080008ac   Section        0  briupusart.o(i.USART1_IRQHandler)
    i.USART2_IRQHandler                      0x080008fc   Section        0  briupzigbee.o(i.USART2_IRQHandler)
    i.USART3_IRQHandler                      0x0800094c   Section        0  briupusart3.o(i.USART3_IRQHandler)
    i.VEML6070Init                           0x080009a0   Section        0  veml6070.o(i.VEML6070Init)
    i.VEML6070Measure                        0x080009d6   Section        0  veml6070.o(i.VEML6070Measure)
    i._delay_init                            0x08000a2c   Section        0  briupdelay.o(i._delay_init)
    i._delay_ms                              0x08000a64   Section        0  briupdelay.o(i._delay_ms)
    i._delay_sec                             0x08000ad0   Section        0  briupdelay.o(i._delay_sec)
    i._delay_us                              0x08000b10   Section        0  briupdelay.o(i._delay_us)
    i.briupGPIOInit                          0x08000b70   Section        0  briupgpio.o(i.briupGPIOInit)
    i.main                                   0x08000bd0   Section        0  main.o(i.main)
    i.protocolSendToBoard                    0x08000ce8   Section        0  protocol.o(i.protocolSendToBoard)
    i.protocolSendToRaspi                    0x08000d76   Section        0  protocol.o(i.protocolSendToRaspi)
    i.putChar                                0x08000e04   Section        0  briupusart.o(i.putChar)
    i.usart1Init                             0x08000e20   Section        0  briupusart.o(i.usart1Init)
    i.usart3GetBuffer                        0x08000f60   Section        0  briupusart3.o(i.usart3GetBuffer)
    i.usart3Init                             0x08000fbc   Section        0  briupusart3.o(i.usart3Init)
    i.usart3PutDataDma                       0x080010e8   Section        0  briupusart3.o(i.usart3PutDataDma)
    i.zigbeeInit                             0x08001108   Section        0  briupzigbee.o(i.zigbeeInit)
    i.zigbeeSendBuf                          0x0800123c   Section        0  briupzigbee.o(i.zigbeeSendBuf)
    x$fpl$d2f                                0x08001268   Section       98  d2f.o(x$fpl$d2f)
    x$fpl$dadd                               0x080012cc   Section      336  daddsub_clz.o(x$fpl$dadd)
    _dadd1                                   0x080012dd   Thumb Code     0  daddsub_clz.o(x$fpl$dadd)
    x$fpl$ddiv                               0x0800141c   Section      688  ddiv.o(x$fpl$ddiv)
    ddiv_entry                               0x08001423   Thumb Code     0  ddiv.o(x$fpl$ddiv)
    x$fpl$dfixu                              0x080016cc   Section       90  dfixu.o(x$fpl$dfixu)
    x$fpl$dfltu                              0x08001726   Section       38  dflt_clz.o(x$fpl$dfltu)
    x$fpl$dmul                               0x0800174c   Section      340  dmul.o(x$fpl$dmul)
    x$fpl$dnaninf                            0x080018a0   Section      156  dnaninf.o(x$fpl$dnaninf)
    x$fpl$dretinf                            0x0800193c   Section       12  dretinf.o(x$fpl$dretinf)
    x$fpl$drsb                               0x08001948   Section       22  daddsub_clz.o(x$fpl$drsb)
    x$fpl$dsub                               0x08001960   Section      468  daddsub_clz.o(x$fpl$dsub)
    _dsub1                                   0x08001971   Thumb Code     0  daddsub_clz.o(x$fpl$dsub)
    x$fpl$fcmpinf                            0x08001b34   Section       24  fcmpi.o(x$fpl$fcmpinf)
    x$fpl$ffix                               0x08001b4c   Section       54  ffix.o(x$fpl$ffix)
    x$fpl$fleqf                              0x08001b84   Section      104  fleqf.o(x$fpl$fleqf)
    x$fpl$fnaninf                            0x08001bec   Section      140  fnaninf.o(x$fpl$fnaninf)
    x$fpl$fretinf                            0x08001c78   Section       10  fretinf.o(x$fpl$fretinf)
    x$fpl$frleqf                             0x08001c82   Section       98  frleqf.o(x$fpl$frleqf)
    x$fpl$usenofp                            0x08001ce4   Section        0  usenofp.o(x$fpl$usenofp)
    .data                                    0x20000000   Section       10  co2.o(.data)
    .data                                    0x2000000a   Section        4  briupdelay.o(.data)
    frac_us                                  0x2000000a   Data           2  briupdelay.o(.data)
    frac_ms                                  0x2000000c   Data           2  briupdelay.o(.data)
    .data                                    0x2000000e   Section        6  briupusart.o(.data)
    u1Head                                   0x2000000e   Data           2  briupusart.o(.data)
    u1Tail                                   0x20000010   Data           2  briupusart.o(.data)
    u1Count                                  0x20000012   Data           2  briupusart.o(.data)
    .data                                    0x20000014   Section        6  briupzigbee.o(.data)
    zbHead                                   0x20000014   Data           2  briupzigbee.o(.data)
    zbTail                                   0x20000016   Data           2  briupzigbee.o(.data)
    zbCount                                  0x20000018   Data           2  briupzigbee.o(.data)
    .data                                    0x2000001a   Section        6  briupusart3.o(.data)
    bufHead                                  0x2000001a   Data           2  briupusart3.o(.data)
    bufTail                                  0x2000001c   Data           2  briupusart3.o(.data)
    bufCount                                 0x2000001e   Data           2  briupusart3.o(.data)
    .bss                                     0x20000020   Section       15  co2.o(.bss)
    .bss                                     0x2000002f   Section      256  briupusart.o(.bss)
    Usart1Buf                                0x2000002f   Data         256  briupusart.o(.bss)
    .bss                                     0x2000012f   Section      256  briupzigbee.o(.bss)
    zbBuffer                                 0x2000012f   Data         256  briupzigbee.o(.bss)
    .bss                                     0x2000022f   Section      256  briupusart3.o(.bss)
    usart3_buffer                            0x2000022f   Data         256  briupusart3.o(.bss)
    .bss                                     0x20000330   Section       96  libspace.o(.bss)
    HEAP                                     0x20000390   Section      512  startup_stm32f10x_md.o(HEAP)
    Heap_Mem                                 0x20000390   Data         512  startup_stm32f10x_md.o(HEAP)
    STACK                                    0x20000590   Section     1024  startup_stm32f10x_md.o(STACK)
    Stack_Mem                                0x20000590   Data        1024  startup_stm32f10x_md.o(STACK)
    __initial_sp                             0x20000990   Data           0  startup_stm32f10x_md.o(STACK)

    Global Symbols

    Symbol Name                              Value     Ov Type        Size  Object(Section)

    BuildAttributes$$THM_ISAv4$P$D$K$B$S$PE$A:L22UL41UL21$X:L11$S22US41US21$IEEE1$IW$USESV6$~STKCKD$USESV7$~SHL$OSPACE$ROPI$EBA8$UX$STANDARDLIB$REQ8$PRES8$EABIv2 0x00000000   Number         0  anon$$obj.o ABSOLUTE
    __ARM_use_no_argv                        0x00000000   Number         0  main.o ABSOLUTE
    __ARM_exceptions_init                     - Undefined Weak Reference
    __alloca_initialize                       - Undefined Weak Reference
    __arm_preinit_                            - Undefined Weak Reference
    __cpp_initialize__aeabi_                  - Undefined Weak Reference
    __cxa_finalize                            - Undefined Weak Reference
    __rt_locale                               - Undefined Weak Reference
    __sigvec_lookup                           - Undefined Weak Reference
    _atexit_init                              - Undefined Weak Reference
    _call_atexit_fns                          - Undefined Weak Reference
    _clock_init                               - Undefined Weak Reference
    _fp_trap_init                             - Undefined Weak Reference
    _fp_trap_shutdown                         - Undefined Weak Reference
    _get_lc_collate                           - Undefined Weak Reference
    _get_lc_ctype                             - Undefined Weak Reference
    _get_lc_monetary                          - Undefined Weak Reference
    _get_lc_numeric                           - Undefined Weak Reference
    _get_lc_time                              - Undefined Weak Reference
    _getenv_init                              - Undefined Weak Reference
    _handle_redirection                       - Undefined Weak Reference
    _init_alloc                               - Undefined Weak Reference
    _init_user_alloc                          - Undefined Weak Reference
    _initio                                   - Undefined Weak Reference
    _rand_init                                - Undefined Weak Reference
    _signal_finish                            - Undefined Weak Reference
    _signal_init                              - Undefined Weak Reference
    _terminate_alloc                          - Undefined Weak Reference
    _terminate_user_alloc                     - Undefined Weak Reference
    _terminateio                              - Undefined Weak Reference
    __Vectors_Size                           0x000000ec   Number         0  startup_stm32f10x_md.o ABSOLUTE
    __Vectors                                0x08000000   Data           4  startup_stm32f10x_md.o(RESET)
    __Vectors_End                            0x080000ec   Data           0  startup_stm32f10x_md.o(RESET)
    __main                                   0x080000ed   Thumb Code     8  __main.o(!!!main)
    __scatterload                            0x080000f5   Thumb Code     0  __scatter.o(!!!scatter)
    __scatterload_rt2                        0x080000f5   Thumb Code    44  __scatter.o(!!!scatter)
    __scatterload_rt2_thumb_only             0x080000f5   Thumb Code     0  __scatter.o(!!!scatter)
    __scatterload_null                       0x08000103   Thumb Code     0  __scatter.o(!!!scatter)
    __scatterload_copy                       0x08000129   Thumb Code    26  __scatter_copy.o(!!handler_copy)
    __scatterload_zeroinit                   0x08000145   Thumb Code    28  __scatter_zi.o(!!handler_zi)
    __rt_lib_init                            0x08000161   Thumb Code     0  libinit.o(.ARM.Collect$$libinit$$00000000)
    __rt_lib_init_alloca_1                   0x08000163   Thumb Code     0  libinit2.o(.ARM.Collect$$libinit$$0000002E)
    __rt_lib_init_argv_1                     0x08000163   Thumb Code     0  libinit2.o(.ARM.Collect$$libinit$$0000002C)
    __rt_lib_init_atexit_1                   0x08000163   Thumb Code     0  libinit2.o(.ARM.Collect$$libinit$$0000001B)
    __rt_lib_init_clock_1                    0x08000163   Thumb Code     0  libinit2.o(.ARM.Collect$$libinit$$00000021)
    __rt_lib_init_cpp_1                      0x08000163   Thumb Code     0  libinit2.o(.ARM.Collect$$libinit$$00000032)
    __rt_lib_init_exceptions_1               0x08000163   Thumb Code     0  libinit2.o(.ARM.Collect$$libinit$$00000030)
    __rt_lib_init_fp_1                       0x08000163   Thumb Code     0  libinit2.o(.ARM.Collect$$libinit$$00000002)
    __rt_lib_init_fp_trap_1                  0x08000163   Thumb Code     0  libinit2.o(.ARM.Collect$$libinit$$0000001F)
    __rt_lib_init_getenv_1                   0x08000163   Thumb Code     0  libinit2.o(.ARM.Collect$$libinit$$00000023)
    __rt_lib_init_heap_1                     0x08000163   Thumb Code     0  libinit2.o(.ARM.Collect$$libinit$$0000000A)
    __rt_lib_init_lc_collate_1               0x08000163   Thumb Code     0  libinit2.o(.ARM.Collect$$libinit$$00000011)
    __rt_lib_init_lc_ctype_1                 0x08000163   Thumb Code     0  libinit2.o(.ARM.Collect$$libinit$$00000013)
    __rt_lib_init_lc_monetary_1              0x08000163   Thumb Code     0  libinit2.o(.ARM.Collect$$libinit$$00000015)
    __rt_lib_init_lc_numeric_1               0x08000163   Thumb Code     0  libinit2.o(.ARM.Collect$$libinit$$00000017)
    __rt_lib_init_lc_time_1                  0x08000163   Thumb Code     0  libinit2.o(.ARM.Collect$$libinit$$00000019)
    __rt_lib_init_preinit_1                  0x08000163   Thumb Code     0  libinit2.o(.ARM.Collect$$libinit$$00000004)
    __rt_lib_init_rand_1                     0x08000163   Thumb Code     0  libinit2.o(.ARM.Collect$$libinit$$0000000E)
    __rt_lib_init_return                     0x08000163   Thumb Code     0  libinit2.o(.ARM.Collect$$libinit$$00000033)
    __rt_lib_init_signal_1                   0x08000163   Thumb Code     0  libinit2.o(.ARM.Collect$$libinit$$0000001D)
    __rt_lib_init_stdio_1                    0x08000163   Thumb Code     0  libinit2.o(.ARM.Collect$$libinit$$00000025)
    __rt_lib_init_user_alloc_1               0x08000163   Thumb Code     0  libinit2.o(.ARM.Collect$$libinit$$0000000C)
    __rt_lib_shutdown                        0x08000165   Thumb Code     0  libshutdown.o(.ARM.Collect$$libshutdown$$00000000)
    __rt_lib_shutdown_fp_trap_1              0x08000167   Thumb Code     0  libshutdown2.o(.ARM.Collect$$libshutdown$$00000006)
    __rt_lib_shutdown_heap_1                 0x08000167   Thumb Code     0  libshutdown2.o(.ARM.Collect$$libshutdown$$0000000E)
    __rt_lib_shutdown_return                 0x08000167   Thumb Code     0  libshutdown2.o(.ARM.Collect$$libshutdown$$0000000F)
    __rt_lib_shutdown_signal_1               0x08000167   Thumb Code     0  libshutdown2.o(.ARM.Collect$$libshutdown$$00000009)
    __rt_lib_shutdown_stdio_1                0x08000167   Thumb Code     0  libshutdown2.o(.ARM.Collect$$libshutdown$$00000003)
    __rt_lib_shutdown_user_alloc_1           0x08000167   Thumb Code     0  libshutdown2.o(.ARM.Collect$$libshutdown$$0000000B)
    __rt_entry                               0x08000169   Thumb Code     0  __rtentry.o(.ARM.Collect$$rtentry$$00000000)
    __rt_entry_presh_1                       0x08000169   Thumb Code     0  __rtentry2.o(.ARM.Collect$$rtentry$$00000002)
    __rt_entry_sh                            0x08000169   Thumb Code     0  __rtentry4.o(.ARM.Collect$$rtentry$$00000004)
    __rt_entry_li                            0x0800016f   Thumb Code     0  __rtentry2.o(.ARM.Collect$$rtentry$$0000000A)
    __rt_entry_postsh_1                      0x0800016f   Thumb Code     0  __rtentry2.o(.ARM.Collect$$rtentry$$00000009)
    __rt_entry_main                          0x08000173   Thumb Code     0  __rtentry2.o(.ARM.Collect$$rtentry$$0000000D)
    __rt_entry_postli_1                      0x08000173   Thumb Code     0  __rtentry2.o(.ARM.Collect$$rtentry$$0000000C)
    __rt_exit                                0x0800017b   Thumb Code     0  rtexit.o(.ARM.Collect$$rtexit$$00000000)
    __rt_exit_ls                             0x0800017d   Thumb Code     0  rtexit2.o(.ARM.Collect$$rtexit$$00000003)
    __rt_exit_prels_1                        0x0800017d   Thumb Code     0  rtexit2.o(.ARM.Collect$$rtexit$$00000002)
    __rt_exit_exit                           0x08000181   Thumb Code     0  rtexit2.o(.ARM.Collect$$rtexit$$00000004)
    Reset_Handler                            0x08000189   Thumb Code     8  startup_stm32f10x_md.o(.text)
    NMI_Handler                              0x08000191   Thumb Code     2  startup_stm32f10x_md.o(.text)
    HardFault_Handler                        0x08000193   Thumb Code     2  startup_stm32f10x_md.o(.text)
    MemManage_Handler                        0x08000195   Thumb Code     2  startup_stm32f10x_md.o(.text)
    BusFault_Handler                         0x08000197   Thumb Code     2  startup_stm32f10x_md.o(.text)
    UsageFault_Handler                       0x08000199   Thumb Code     2  startup_stm32f10x_md.o(.text)
    SVC_Handler                              0x0800019b   Thumb Code     2  startup_stm32f10x_md.o(.text)
    DebugMon_Handler                         0x0800019d   Thumb Code     2  startup_stm32f10x_md.o(.text)
    PendSV_Handler                           0x0800019f   Thumb Code     2  startup_stm32f10x_md.o(.text)
    SysTick_Handler                          0x080001a1   Thumb Code     2  startup_stm32f10x_md.o(.text)
    ADC1_2_IRQHandler                        0x080001a3   Thumb Code     0  startup_stm32f10x_md.o(.text)
    CAN1_RX1_IRQHandler                      0x080001a3   Thumb Code     0  startup_stm32f10x_md.o(.text)
    CAN1_SCE_IRQHandler                      0x080001a3   Thumb Code     0  startup_stm32f10x_md.o(.text)
    DMA1_Channel1_IRQHandler                 0x080001a3   Thumb Code     0  startup_stm32f10x_md.o(.text)
    DMA1_Channel2_IRQHandler                 0x080001a3   Thumb Code     0  startup_stm32f10x_md.o(.text)
    DMA1_Channel3_IRQHandler                 0x080001a3   Thumb Code     0  startup_stm32f10x_md.o(.text)
    DMA1_Channel4_IRQHandler                 0x080001a3   Thumb Code     0  startup_stm32f10x_md.o(.text)
    DMA1_Channel5_IRQHandler                 0x080001a3   Thumb Code     0  startup_stm32f10x_md.o(.text)
    DMA1_Channel6_IRQHandler                 0x080001a3   Thumb Code     0  startup_stm32f10x_md.o(.text)
    DMA1_Channel7_IRQHandler                 0x080001a3   Thumb Code     0  startup_stm32f10x_md.o(.text)
    EXTI0_IRQHandler                         0x080001a3   Thumb Code     0  startup_stm32f10x_md.o(.text)
    EXTI15_10_IRQHandler                     0x080001a3   Thumb Code     0  startup_stm32f10x_md.o(.text)
    EXTI1_IRQHandler                         0x080001a3   Thumb Code     0  startup_stm32f10x_md.o(.text)
    EXTI2_IRQHandler                         0x080001a3   Thumb Code     0  startup_stm32f10x_md.o(.text)
    EXTI3_IRQHandler                         0x080001a3   Thumb Code     0  startup_stm32f10x_md.o(.text)
    EXTI4_IRQHandler                         0x080001a3   Thumb Code     0  startup_stm32f10x_md.o(.text)
    EXTI9_5_IRQHandler                       0x080001a3   Thumb Code     0  startup_stm32f10x_md.o(.text)
    FLASH_IRQHandler                         0x080001a3   Thumb Code     0  startup_stm32f10x_md.o(.text)
    I2C1_ER_IRQHandler                       0x080001a3   Thumb Code     0  startup_stm32f10x_md.o(.text)
    I2C1_EV_IRQHandler                       0x080001a3   Thumb Code     0  startup_stm32f10x_md.o(.text)
    I2C2_ER_IRQHandler                       0x080001a3   Thumb Code     0  startup_stm32f10x_md.o(.text)
    I2C2_EV_IRQHandler                       0x080001a3   Thumb Code     0  startup_stm32f10x_md.o(.text)
    PVD_IRQHandler                           0x080001a3   Thumb Code     0  startup_stm32f10x_md.o(.text)
    RCC_IRQHandler                           0x080001a3   Thumb Code     0  startup_stm32f10x_md.o(.text)
    RTCAlarm_IRQHandler                      0x080001a3   Thumb Code     0  startup_stm32f10x_md.o(.text)
    RTC_IRQHandler                           0x080001a3   Thumb Code     0  startup_stm32f10x_md.o(.text)
    SPI1_IRQHandler                          0x080001a3   Thumb Code     0  startup_stm32f10x_md.o(.text)
    SPI2_IRQHandler                          0x080001a3   Thumb Code     0  startup_stm32f10x_md.o(.text)
    TAMPER_IRQHandler                        0x080001a3   Thumb Code     0  startup_stm32f10x_md.o(.text)
    TIM1_BRK_IRQHandler                      0x080001a3   Thumb Code     0  startup_stm32f10x_md.o(.text)
    TIM1_CC_IRQHandler                       0x080001a3   Thumb Code     0  startup_stm32f10x_md.o(.text)
    TIM1_TRG_COM_IRQHandler                  0x080001a3   Thumb Code     0  startup_stm32f10x_md.o(.text)
    TIM1_UP_IRQHandler                       0x080001a3   Thumb Code     0  startup_stm32f10x_md.o(.text)
    TIM2_IRQHandler                          0x080001a3   Thumb Code     0  startup_stm32f10x_md.o(.text)
    TIM3_IRQHandler                          0x080001a3   Thumb Code     0  startup_stm32f10x_md.o(.text)
    TIM4_IRQHandler                          0x080001a3   Thumb Code     0  startup_stm32f10x_md.o(.text)
    USBWakeUp_IRQHandler                     0x080001a3   Thumb Code     0  startup_stm32f10x_md.o(.text)
    USB_HP_CAN1_TX_IRQHandler                0x080001a3   Thumb Code     0  startup_stm32f10x_md.o(.text)
    USB_LP_CAN1_RX0_IRQHandler               0x080001a3   Thumb Code     0  startup_stm32f10x_md.o(.text)
    WWDG_IRQHandler                          0x080001a3   Thumb Code     0  startup_stm32f10x_md.o(.text)
    __user_initial_stackheap                 0x080001a5   Thumb Code     0  startup_stm32f10x_md.o(.text)
    __use_two_region_memory                  0x080001c9   Thumb Code     2  heapauxi.o(.text)
    __rt_heap_escrow$2region                 0x080001cb   Thumb Code     2  heapauxi.o(.text)
    __rt_heap_expand$2region                 0x080001cd   Thumb Code     2  heapauxi.o(.text)
    __user_setup_stackheap                   0x080001cf   Thumb Code    74  sys_stackheap_outer.o(.text)
    exit                                     0x08000219   Thumb Code    12  exit.o(.text)
    __user_libspace                          0x08000225   Thumb Code     8  libspace.o(.text)
    __user_perproc_libspace                  0x08000225   Thumb Code     0  libspace.o(.text)
    __user_perthread_libspace                0x08000225   Thumb Code     0  libspace.o(.text)
    _sys_exit                                0x0800022d   Thumb Code     8  sys_exit.o(.text)
    __I$use$semihosting                      0x08000239   Thumb Code     0  use_no_semi.o(.text)
    __use_no_semihosting_swi                 0x08000239   Thumb Code     2  use_no_semi.o(.text)
    BH1750_Init                              0x0800023b   Thumb Code    44  bh1750.o(i.BH1750_Init)
    __semihosting_library_function           0x0800023b   Thumb Code     0  indicate_semi.o(.text)
    BH1750_Measure                           0x08000269   Thumb Code    78  bh1750.o(i.BH1750_Measure)
    CO2_Measure                              0x080002bd   Thumb Code    54  co2.o(i.CO2_Measure)
    IIC_Ack                                  0x08000301   Thumb Code    90  briupi2c.o(i.IIC_Ack)
    IIC_Init                                 0x08000361   Thumb Code    62  briupi2c.o(i.IIC_Init)
    IIC_NAck                                 0x080003a9   Thumb Code    90  briupi2c.o(i.IIC_NAck)
    IIC_Read_Byte                            0x08000409   Thumb Code   118  briupi2c.o(i.IIC_Read_Byte)
    IIC_Send_Byte                            0x08000485   Thumb Code   148  briupi2c.o(i.IIC_Send_Byte)
    IIC_Start                                0x0800051d   Thumb Code    96  briupi2c.o(i.IIC_Start)
    IIC_Stop                                 0x08000581   Thumb Code   102  briupi2c.o(i.IIC_Stop)
    IIC_Wait_Ack                             0x080005ed   Thumb Code   118  briupi2c.o(i.IIC_Wait_Ack)
    NVIC_Init                                0x08000669   Thumb Code   100  misc.o(i.NVIC_Init)
    Sing_Read_NR                             0x080007c1   Thumb Code    86  briupi2c.o(i.Sing_Read_NR)
    Sing_Write_ND                            0x08000817   Thumb Code    54  briupi2c.o(i.Sing_Write_ND)
    SystemInit                               0x0800084d   Thumb Code    78  system_stm32f10x.o(i.SystemInit)
    USART1_IRQHandler                        0x080008ad   Thumb Code    64  briupusart.o(i.USART1_IRQHandler)
    USART2_IRQHandler                        0x080008fd   Thumb Code    64  briupzigbee.o(i.USART2_IRQHandler)
    USART3_IRQHandler                        0x0800094d   Thumb Code    68  briupusart3.o(i.USART3_IRQHandler)
    VEML6070Init                             0x080009a1   Thumb Code    54  veml6070.o(i.VEML6070Init)
    VEML6070Measure                          0x080009d7   Thumb Code    86  veml6070.o(i.VEML6070Measure)
    _delay_init                              0x08000a2d   Thumb Code    48  briupdelay.o(i._delay_init)
    _delay_ms                                0x08000a65   Thumb Code   102  briupdelay.o(i._delay_ms)
    _delay_sec                               0x08000ad1   Thumb Code    58  briupdelay.o(i._delay_sec)
    _delay_us                                0x08000b11   Thumb Code    92  briupdelay.o(i._delay_us)
    briupGPIOInit                            0x08000b71   Thumb Code    76  briupgpio.o(i.briupGPIOInit)
    main                                     0x08000bd1   Thumb Code   266  main.o(i.main)
    protocolSendToBoard                      0x08000ce9   Thumb Code   142  protocol.o(i.protocolSendToBoard)
    protocolSendToRaspi                      0x08000d77   Thumb Code   142  protocol.o(i.protocolSendToRaspi)
    putChar                                  0x08000e05   Thumb Code    22  briupusart.o(i.putChar)
    usart1Init                               0x08000e21   Thumb Code   294  briupusart.o(i.usart1Init)
    usart3GetBuffer                          0x08000f61   Thumb Code    78  briupusart3.o(i.usart3GetBuffer)
    usart3Init                               0x08000fbd   Thumb Code   276  briupusart3.o(i.usart3Init)
    usart3PutDataDma                         0x080010e9   Thumb Code    28  briupusart3.o(i.usart3PutDataDma)
    zigbeeInit                               0x08001109   Thumb Code   284  briupzigbee.o(i.zigbeeInit)
    zigbeeSendBuf                            0x0800123d   Thumb Code    40  briupzigbee.o(i.zigbeeSendBuf)
    __aeabi_d2f                              0x08001269   Thumb Code     0  d2f.o(x$fpl$d2f)
    _d2f                                     0x08001269   Thumb Code    98  d2f.o(x$fpl$d2f)
    __aeabi_dadd                             0x080012cd   Thumb Code     0  daddsub_clz.o(x$fpl$dadd)
    _dadd                                    0x080012cd   Thumb Code   332  daddsub_clz.o(x$fpl$dadd)
    __aeabi_ddiv                             0x0800141d   Thumb Code     0  ddiv.o(x$fpl$ddiv)
    _ddiv                                    0x0800141d   Thumb Code   552  ddiv.o(x$fpl$ddiv)
    __aeabi_d2uiz                            0x080016cd   Thumb Code     0  dfixu.o(x$fpl$dfixu)
    _dfixu                                   0x080016cd   Thumb Code    90  dfixu.o(x$fpl$dfixu)
    __aeabi_ui2d                             0x08001727   Thumb Code     0  dflt_clz.o(x$fpl$dfltu)
    _dfltu                                   0x08001727   Thumb Code    38  dflt_clz.o(x$fpl$dfltu)
    __aeabi_dmul                             0x0800174d   Thumb Code     0  dmul.o(x$fpl$dmul)
    _dmul                                    0x0800174d   Thumb Code   332  dmul.o(x$fpl$dmul)
    __fpl_dnaninf                            0x080018a1   Thumb Code   156  dnaninf.o(x$fpl$dnaninf)
    __fpl_dretinf                            0x0800193d   Thumb Code    12  dretinf.o(x$fpl$dretinf)
    __aeabi_drsub                            0x08001949   Thumb Code     0  daddsub_clz.o(x$fpl$drsb)
    _drsb                                    0x08001949   Thumb Code    22  daddsub_clz.o(x$fpl$drsb)
    __aeabi_dsub                             0x08001961   Thumb Code     0  daddsub_clz.o(x$fpl$dsub)
    _dsub                                    0x08001961   Thumb Code   464  daddsub_clz.o(x$fpl$dsub)
    __fpl_fcmp_Inf                           0x08001b35   Thumb Code    24  fcmpi.o(x$fpl$fcmpinf)
    __aeabi_f2iz                             0x08001b4d   Thumb Code     0  ffix.o(x$fpl$ffix)
    _ffix                                    0x08001b4d   Thumb Code    54  ffix.o(x$fpl$ffix)
    __aeabi_cfcmple                          0x08001b85   Thumb Code     0  fleqf.o(x$fpl$fleqf)
    _fcmple                                  0x08001b85   Thumb Code   104  fleqf.o(x$fpl$fleqf)
    __fpl_fcmple_InfNaN                      0x08001bd7   Thumb Code     0  fleqf.o(x$fpl$fleqf)
    __fpl_fnaninf                            0x08001bed   Thumb Code   140  fnaninf.o(x$fpl$fnaninf)
    __fpl_fretinf                            0x08001c79   Thumb Code    10  fretinf.o(x$fpl$fretinf)
    __aeabi_cfrcmple                         0x08001c83   Thumb Code     0  frleqf.o(x$fpl$frleqf)
    _frcmple                                 0x08001c83   Thumb Code    98  frleqf.o(x$fpl$frleqf)
    Region$$Table$$Base                      0x08001ce4   Number         0  anon$$obj.o(Region$$Table)
    __I$use$fp                               0x08001ce4   Number         0  usenofp.o(x$fpl$usenofp)
    Region$$Table$$Limit                     0x08001d04   Number         0  anon$$obj.o(Region$$Table)
    CO2_R_COM                                0x20000000   Data           7  co2.o(.data)
    len                                      0x20000008   Data           2  co2.o(.data)
    buf                                      0x20000020   Data          15  co2.o(.bss)
    __libspace_start                         0x20000330   Data          96  libspace.o(.bss)
    __temporary_stack_top$libspace           0x20000390   Data           0  libspace.o(.bss)



==============================================================================

Memory Map of the image

  Image Entry point : 0x080000ed

  Load Region LR_IROM1 (Base: 0x08000000, Size: 0x00001d24, Max: 0x00010000, ABSOLUTE)

    Execution Region ER_IROM1 (Base: 0x08000000, Size: 0x00001d04, Max: 0x00010000, ABSOLUTE)

    Base Addr    Size         Type   Attr      Idx    E Section Name        Object

    0x08000000   0x000000ec   Data   RO            3    RESET               startup_stm32f10x_md.o
    0x080000ec   0x00000008   Code   RO          544  * !!!main             c_w.l(__main.o)
    0x080000f4   0x00000034   Code   RO          751    !!!scatter          c_w.l(__scatter.o)
    0x08000128   0x0000001a   Code   RO          753    !!handler_copy      c_w.l(__scatter_copy.o)
    0x08000142   0x00000002   PAD
    0x08000144   0x0000001c   Code   RO          755    !!handler_zi        c_w.l(__scatter_zi.o)
    0x08000160   0x00000002   Code   RO          622    .ARM.Collect$$libinit$$00000000  c_w.l(libinit.o)
    0x08000162   0x00000000   Code   RO          629    .ARM.Collect$$libinit$$00000002  c_w.l(libinit2.o)
    0x08000162   0x00000000   Code   RO          631    .ARM.Collect$$libinit$$00000004  c_w.l(libinit2.o)
    0x08000162   0x00000000   Code   RO          634    .ARM.Collect$$libinit$$0000000A  c_w.l(libinit2.o)
    0x08000162   0x00000000   Code   RO          636    .ARM.Collect$$libinit$$0000000C  c_w.l(libinit2.o)
    0x08000162   0x00000000   Code   RO          638    .ARM.Collect$$libinit$$0000000E  c_w.l(libinit2.o)
    0x08000162   0x00000000   Code   RO          641    .ARM.Collect$$libinit$$00000011  c_w.l(libinit2.o)
    0x08000162   0x00000000   Code   RO          643    .ARM.Collect$$libinit$$00000013  c_w.l(libinit2.o)
    0x08000162   0x00000000   Code   RO          645    .ARM.Collect$$libinit$$00000015  c_w.l(libinit2.o)
    0x08000162   0x00000000   Code   RO          647    .ARM.Collect$$libinit$$00000017  c_w.l(libinit2.o)
    0x08000162   0x00000000   Code   RO          649    .ARM.Collect$$libinit$$00000019  c_w.l(libinit2.o)
    0x08000162   0x00000000   Code   RO          651    .ARM.Collect$$libinit$$0000001B  c_w.l(libinit2.o)
    0x08000162   0x00000000   Code   RO          653    .ARM.Collect$$libinit$$0000001D  c_w.l(libinit2.o)
    0x08000162   0x00000000   Code   RO          655    .ARM.Collect$$libinit$$0000001F  c_w.l(libinit2.o)
    0x08000162   0x00000000   Code   RO          657    .ARM.Collect$$libinit$$00000021  c_w.l(libinit2.o)
    0x08000162   0x00000000   Code   RO          659    .ARM.Collect$$libinit$$00000023  c_w.l(libinit2.o)
    0x08000162   0x00000000   Code   RO          661    .ARM.Collect$$libinit$$00000025  c_w.l(libinit2.o)
    0x08000162   0x00000000   Code   RO          665    .ARM.Collect$$libinit$$0000002C  c_w.l(libinit2.o)
    0x08000162   0x00000000   Code   RO          667    .ARM.Collect$$libinit$$0000002E  c_w.l(libinit2.o)
    0x08000162   0x00000000   Code   RO          669    .ARM.Collect$$libinit$$00000030  c_w.l(libinit2.o)
    0x08000162   0x00000000   Code   RO          671    .ARM.Collect$$libinit$$00000032  c_w.l(libinit2.o)
    0x08000162   0x00000002   Code   RO          672    .ARM.Collect$$libinit$$00000033  c_w.l(libinit2.o)
    0x08000164   0x00000002   Code   RO          692    .ARM.Collect$$libshutdown$$00000000  c_w.l(libshutdown.o)
    0x08000166   0x00000000   Code   RO          706    .ARM.Collect$$libshutdown$$00000003  c_w.l(libshutdown2.o)
    0x08000166   0x00000000   Code   RO          709    .ARM.Collect$$libshutdown$$00000006  c_w.l(libshutdown2.o)
    0x08000166   0x00000000   Code   RO          712    .ARM.Collect$$libshutdown$$00000009  c_w.l(libshutdown2.o)
    0x08000166   0x00000000   Code   RO          714    .ARM.Collect$$libshutdown$$0000000B  c_w.l(libshutdown2.o)
    0x08000166   0x00000000   Code   RO          717    .ARM.Collect$$libshutdown$$0000000E  c_w.l(libshutdown2.o)
    0x08000166   0x00000002   Code   RO          718    .ARM.Collect$$libshutdown$$0000000F  c_w.l(libshutdown2.o)
    0x08000168   0x00000000   Code   RO          584    .ARM.Collect$$rtentry$$00000000  c_w.l(__rtentry.o)
    0x08000168   0x00000000   Code   RO          597    .ARM.Collect$$rtentry$$00000002  c_w.l(__rtentry2.o)
    0x08000168   0x00000006   Code   RO          609    .ARM.Collect$$rtentry$$00000004  c_w.l(__rtentry4.o)
    0x0800016e   0x00000000   Code   RO          599    .ARM.Collect$$rtentry$$00000009  c_w.l(__rtentry2.o)
    0x0800016e   0x00000004   Code   RO          600    .ARM.Collect$$rtentry$$0000000A  c_w.l(__rtentry2.o)
    0x08000172   0x00000000   Code   RO          602    .ARM.Collect$$rtentry$$0000000C  c_w.l(__rtentry2.o)
    0x08000172   0x00000008   Code   RO          603    .ARM.Collect$$rtentry$$0000000D  c_w.l(__rtentry2.o)
    0x0800017a   0x00000002   Code   RO          626    .ARM.Collect$$rtexit$$00000000  c_w.l(rtexit.o)
    0x0800017c   0x00000000   Code   RO          674    .ARM.Collect$$rtexit$$00000002  c_w.l(rtexit2.o)
    0x0800017c   0x00000004   Code   RO          675    .ARM.Collect$$rtexit$$00000003  c_w.l(rtexit2.o)
    0x08000180   0x00000006   Code   RO          676    .ARM.Collect$$rtexit$$00000004  c_w.l(rtexit2.o)
    0x08000186   0x00000002   PAD
    0x08000188   0x00000040   Code   RO            4    .text               startup_stm32f10x_md.o
    0x080001c8   0x00000006   Code   RO          542    .text               c_w.l(heapauxi.o)
    0x080001ce   0x0000004a   Code   RO          613    .text               c_w.l(sys_stackheap_outer.o)
    0x08000218   0x0000000c   Code   RO          615    .text               c_w.l(exit.o)
    0x08000224   0x00000008   Code   RO          623    .text               c_w.l(libspace.o)
    0x0800022c   0x0000000c   Code   RO          684    .text               c_w.l(sys_exit.o)
    0x08000238   0x00000002   Code   RO          695    .text               c_w.l(use_no_semi.o)
    0x0800023a   0x00000000   Code   RO          697    .text               c_w.l(indicate_semi.o)
    0x0800023a   0x0000002c   Code   RO          147    i.BH1750_Init       bh1750.o
    0x08000266   0x00000002   PAD
    0x08000268   0x00000054   Code   RO          148    i.BH1750_Measure    bh1750.o
    0x080002bc   0x00000044   Code   RO          174    i.CO2_Measure       co2.o
    0x08000300   0x00000060   Code   RO          348    i.IIC_Ack           briupi2c.o
    0x08000360   0x00000048   Code   RO          349    i.IIC_Init          briupi2c.o
    0x080003a8   0x00000060   Code   RO          350    i.IIC_NAck          briupi2c.o
    0x08000408   0x0000007c   Code   RO          351    i.IIC_Read_Byte     briupi2c.o
    0x08000484   0x00000098   Code   RO          352    i.IIC_Send_Byte     briupi2c.o
    0x0800051c   0x00000064   Code   RO          353    i.IIC_Start         briupi2c.o
    0x08000580   0x0000006c   Code   RO          354    i.IIC_Stop          briupi2c.o
    0x080005ec   0x0000007c   Code   RO          355    i.IIC_Wait_Ack      briupi2c.o
    0x08000668   0x00000070   Code   RO          465    i.NVIC_Init         misc.o
    0x080006d8   0x00000008   Code   RO           10    i.SetSysClock       system_stm32f10x.o
    0x080006e0   0x000000e0   Code   RO           11    i.SetSysClockTo72   system_stm32f10x.o
    0x080007c0   0x00000056   Code   RO          356    i.Sing_Read_NR      briupi2c.o
    0x08000816   0x00000036   Code   RO          357    i.Sing_Write_ND     briupi2c.o
    0x0800084c   0x00000060   Code   RO           13    i.SystemInit        system_stm32f10x.o
    0x080008ac   0x00000050   Code   RO          234    i.USART1_IRQHandler  briupusart.o
    0x080008fc   0x00000050   Code   RO          297    i.USART2_IRQHandler  briupzigbee.o
    0x0800094c   0x00000054   Code   RO          432    i.USART3_IRQHandler  briupusart3.o
    0x080009a0   0x00000036   Code   RO          126    i.VEML6070Init      veml6070.o
    0x080009d6   0x00000056   Code   RO          127    i.VEML6070Measure   veml6070.o
    0x08000a2c   0x00000038   Code   RO          202    i._delay_init       briupdelay.o
    0x08000a64   0x0000006c   Code   RO          203    i._delay_ms         briupdelay.o
    0x08000ad0   0x00000040   Code   RO          204    i._delay_sec        briupdelay.o
    0x08000b10   0x00000060   Code   RO          205    i._delay_us         briupdelay.o
    0x08000b70   0x00000060   Code   RO          333    i.briupGPIOInit     briupgpio.o
    0x08000bd0   0x00000118   Code   RO          501    i.main              main.o
    0x08000ce8   0x0000008e   Code   RO          522    i.protocolSendToBoard  protocol.o
    0x08000d76   0x0000008e   Code   RO          523    i.protocolSendToRaspi  protocol.o
    0x08000e04   0x0000001c   Code   RO          239    i.putChar           briupusart.o
    0x08000e20   0x00000140   Code   RO          242    i.usart1Init        briupusart.o
    0x08000f60   0x0000005c   Code   RO          433    i.usart3GetBuffer   briupusart3.o
    0x08000fbc   0x0000012c   Code   RO          434    i.usart3Init        briupusart3.o
    0x080010e8   0x00000020   Code   RO          435    i.usart3PutDataDma  briupusart3.o
    0x08001108   0x00000134   Code   RO          299    i.zigbeeInit        briupzigbee.o
    0x0800123c   0x0000002c   Code   RO          300    i.zigbeeSendBuf     briupzigbee.o
    0x08001268   0x00000062   Code   RO          546    x$fpl$d2f           fz_ws.l(d2f.o)
    0x080012ca   0x00000002   PAD
    0x080012cc   0x00000150   Code   RO          548    x$fpl$dadd          fz_ws.l(daddsub_clz.o)
    0x0800141c   0x000002b0   Code   RO          555    x$fpl$ddiv          fz_ws.l(ddiv.o)
    0x080016cc   0x0000005a   Code   RO          558    x$fpl$dfixu         fz_ws.l(dfixu.o)
    0x08001726   0x00000026   Code   RO          562    x$fpl$dfltu         fz_ws.l(dflt_clz.o)
    0x0800174c   0x00000154   Code   RO          568    x$fpl$dmul          fz_ws.l(dmul.o)
    0x080018a0   0x0000009c   Code   RO          585    x$fpl$dnaninf       fz_ws.l(dnaninf.o)
    0x0800193c   0x0000000c   Code   RO          587    x$fpl$dretinf       fz_ws.l(dretinf.o)
    0x08001948   0x00000016   Code   RO          549    x$fpl$drsb          fz_ws.l(daddsub_clz.o)
    0x0800195e   0x00000002   PAD
    0x08001960   0x000001d4   Code   RO          550    x$fpl$dsub          fz_ws.l(daddsub_clz.o)
    0x08001b34   0x00000018   Code   RO          611    x$fpl$fcmpinf       fz_ws.l(fcmpi.o)
    0x08001b4c   0x00000036   Code   RO          572    x$fpl$ffix          fz_ws.l(ffix.o)
    0x08001b82   0x00000002   PAD
    0x08001b84   0x00000068   Code   RO          589    x$fpl$fleqf         fz_ws.l(fleqf.o)
    0x08001bec   0x0000008c   Code   RO          591    x$fpl$fnaninf       fz_ws.l(fnaninf.o)
    0x08001c78   0x0000000a   Code   RO          593    x$fpl$fretinf       fz_ws.l(fretinf.o)
    0x08001c82   0x00000062   Code   RO          582    x$fpl$frleqf        fz_ws.l(frleqf.o)
    0x08001ce4   0x00000000   Code   RO          595    x$fpl$usenofp       fz_ws.l(usenofp.o)
    0x08001ce4   0x00000020   Data   RO          749    Region$$Table       anon$$obj.o


    Execution Region RW_IRAM1 (Base: 0x20000000, Size: 0x00000990, Max: 0x00005000, ABSOLUTE)

    Base Addr    Size         Type   Attr      Idx    E Section Name        Object

    0x20000000   0x0000000a   Data   RW          176    .data               co2.o
    0x2000000a   0x00000004   Data   RW          206    .data               briupdelay.o
    0x2000000e   0x00000006   Data   RW          244    .data               briupusart.o
    0x20000014   0x00000006   Data   RW          302    .data               briupzigbee.o
    0x2000001a   0x00000006   Data   RW          437    .data               briupusart3.o
    0x20000020   0x0000000f   Zero   RW          175    .bss                co2.o
    0x2000002f   0x00000100   Zero   RW          243    .bss                briupusart.o
    0x2000012f   0x00000100   Zero   RW          301    .bss                briupzigbee.o
    0x2000022f   0x00000100   Zero   RW          436    .bss                briupusart3.o
    0x2000032f   0x00000001   PAD
    0x20000330   0x00000060   Zero   RW          624    .bss                c_w.l(libspace.o)
    0x20000390   0x00000200   Zero   RW            2    HEAP                startup_stm32f10x_md.o
    0x20000590   0x00000400   Zero   RW            1    STACK               startup_stm32f10x_md.o


==============================================================================

Image component sizes


      Code (inc. data)   RO Data    RW Data    ZI Data      Debug   Object Name

       128          6          0          0          0       1095   bh1750.o
       324         24          0          4          0       2591   briupdelay.o
        96         20          0          0          0        440   briupgpio.o
      1012         48          0          0          0       5685   briupi2c.o
       428         48          0          6        256       2203   briupusart.o
       508         58          0          6        256       2966   briupusart3.o
       432         44          0          6        256       2257   briupzigbee.o
        68         14          0         10         15       1178   co2.o
       280         14          0          0          0        775   main.o
       112         12          0          0          0       1092   misc.o
       284          0          0          0          0       1888   protocol.o
        64         26        236          0       1536        928   startup_stm32f10x_md.o
       328         28          0          0          0     210273   system_stm32f10x.o
       140          0          0          0          0       1625   veml6070.o

    ----------------------------------------------------------------------
      4206        342        268         32       2320     234996   Object Totals
         0          0         32          0          0          0   (incl. Generated)
         2          0          0          0          1          0   (incl. Padding)

    ----------------------------------------------------------------------

      Code (inc. data)   RO Data    RW Data    ZI Data      Debug   Library Member Name

         8          0          0          0          0         68   __main.o
         0          0          0          0          0          0   __rtentry.o
        12          0          0          0          0          0   __rtentry2.o
         6          0          0          0          0          0   __rtentry4.o
        52          8          0          0          0          0   __scatter.o
        26          0          0          0          0          0   __scatter_copy.o
        28          0          0          0          0          0   __scatter_zi.o
        12          0          0          0          0         72   exit.o
         6          0          0          0          0        152   heapauxi.o
         0          0          0          0          0          0   indicate_semi.o
         2          0          0          0          0          0   libinit.o
         2          0          0          0          0          0   libinit2.o
         2          0          0          0          0          0   libshutdown.o
         2          0          0          0          0          0   libshutdown2.o
         8          4          0          0         96         68   libspace.o
         2          0          0          0          0          0   rtexit.o
        10          0          0          0          0          0   rtexit2.o
        12          4          0          0          0         68   sys_exit.o
        74          0          0          0          0         80   sys_stackheap_outer.o
         2          0          0          0          0         68   use_no_semi.o
        98          4          0          0          0         92   d2f.o
       826         16          0          0          0        348   daddsub_clz.o
       688        140          0          0          0        208   ddiv.o
        90          4          0          0          0         92   dfixu.o
        38          0          0          0          0         68   dflt_clz.o
       340         12          0          0          0        104   dmul.o
       156          4          0          0          0         92   dnaninf.o
        12          0          0          0          0         68   dretinf.o
        24          0          0          0          0         68   fcmpi.o
        54          4          0          0          0         84   ffix.o
       104          4          0          0          0         84   fleqf.o
       140          4          0          0          0         84   fnaninf.o
        10          0          0          0          0         68   fretinf.o
        98          0          0          0          0         68   frleqf.o
         0          0          0          0          0          0   usenofp.o

    ----------------------------------------------------------------------
      2954        208          0          0         96       2104   Library Totals
        10          0          0          0          0          0   (incl. Padding)

    ----------------------------------------------------------------------

      Code (inc. data)   RO Data    RW Data    ZI Data      Debug   Library Name

       266         16          0          0         96        576   c_w.l
      2678        192          0          0          0       1528   fz_ws.l

    ----------------------------------------------------------------------
      2954        208          0          0         96       2104   Library Totals

    ----------------------------------------------------------------------

==============================================================================


      Code (inc. data)   RO Data    RW Data    ZI Data      Debug   

      7160        550        268         32       2416     234340   Grand Totals
      7160        550        268         32       2416     234340   ELF Image Totals
      7160        550        268         32          0          0   ROM Totals

==============================================================================

    Total RO  Size (Code + RO Data)                 7428 (   7.25kB)
    Total RW  Size (RW Data + ZI Data)              2448 (   2.39kB)
    Total ROM Size (Code + RO Data + RW Data)       7460 (   7.29kB)

==============================================================================

