<html>
<body>
<pre>
<h1>µVision Build Log</h1>
<h2>Tool Versions:</h2>
IDE-Version: ¦ÌVision V5.15
Copyright (C) 2015 ARM Ltd and ARM Germany GmbH. All rights reserved.
License Information: a Administrator, a, LIC=5859U-SCVVZ-HKQBD-80TKI-HEEBN-XYHA8
 
Tool Versions:
Toolchain:       MDK-ARM Standard  Version: 5.15.0
Toolchain Path:  D:\Internship\Keil_v5\ARM\ARMCC\Bin
C Compiler:      Armcc.exe V5.05 update 2 (build 169)
Assembler:       Armasm.exe V5.05 update 2 (build 169)
Linker/Locator:  ArmLink.exe V5.05 update 2 (build 169)
Library Manager: ArmAr.exe V5.05 update 2 (build 169)
Hex Converter:   FromElf.exe V5.05 update 2 (build 169)
CPU DLL:         SARMCM3.DLL V5.15.0
Dialog DLL:      DARMSTM.DLL V1.65.0.0
Target DLL:      Segger\JL2CM3.dll V2.99.15.0
Dialog DLL:      TARMSTM.DLL V1.64.0.0
 
<h2>Project:</h2>
D:\mdkWorkspace\csuIotSmartHomeYhx\Board2\project\IotSmartHome.uvprojx
Project File Date:  07/21/2018

<h2>Output:</h2>
*** Using Compiler 'V5.05 update 2 (build 169)', folder: 'D:\Internship\Keil_v5\ARM\ARMCC\Bin'
Build target 'SmartHome'
compiling main.c...
..\user\main.c(26): warning:  #177-D: variable "tem" was declared but never referenced
        float tem, hum, light;
..\user\main.c(26): warning:  #177-D: variable "hum" was declared but never referenced
        float tem, hum, light;
..\user\main.c(31): warning:  #177-D: variable "inttem" was declared but never referenced
        int inttem, inthum, intlight;
..\user\main.c(31): warning:  #177-D: variable "inthum" was declared but never referenced
        int inttem, inthum, intlight;
..\user\main.c: 4 warnings, 0 errors
linking...
Program Size: Code=7160 RO-data=268 RW-data=32 ZI-data=2416  
".\IotSmartHome.axf" - 0 Error(s), 4 Warning(s).

<h2>Collection of Component include folders:</h2>
  D:\mdkWorkspace\csuIotSmartHomeYhx\Board2\project\RTE
  D:\Internship\Keil_v5\ARM\PACK\Keil\STM32F1xx_DFP\2.1.0\Device\Include

<h2>Collection of Component Files used:</h2>
</pre>
</body>
</html>
